Archive member included to satisfy reference by file (symbol)

ym/microbit/source/microbit.a(MicroBit.cpp.o)
                              source/CMakeFiles/iot-morse-code.dir/home/student/ufcfvk-15-2-iot-challenge-2/application_files/source/Interface.cpp.o (MicroBit::MicroBit())
ym/microbit-dal/source/microbit-dal.a(MicroBitDevice.cpp.o)
                              ym/microbit/source/microbit.a(MicroBit.cpp.o) (microbit_serial_number())
ym/microbit-dal/source/microbit-dal.a(MicroBitFiber.cpp.o)
                              ym/microbit/source/microbit.a(MicroBit.cpp.o) (scheduler_init(EventModel&))
ym/microbit-dal/source/microbit-dal.a(MicroBitFont.cpp.o)
                              ym/microbit-dal/source/microbit-dal.a(MicroBitDevice.cpp.o) (MicroBitFont::defaultFont)
ym/microbit-dal/source/microbit-dal.a(MicroBitHeapAllocator.cpp.o)
                              ym/microbit/source/microbit.a(MicroBit.cpp.o) (microbit_create_heap(unsigned long, unsigned long))
ym/microbit-dal/source/microbit-dal.a(MicroBitListener.cpp.o)
                              ym/microbit-dal/source/microbit-dal.a(MicroBitFiber.cpp.o) (MicroBitListener::MicroBitListener(unsigned short, unsigned short, void (*)(MicroBitEvent), unsigned short))
ym/microbit-dal/source/microbit-dal.a(MicroBitSystemTimer.cpp.o)
                              source/CMakeFiles/iot-morse-code.dir/home/student/ufcfvk-15-2-iot-challenge-2/application_files/source/Interface.cpp.o (system_timer_current_time())
ym/microbit-dal/source/microbit-dal.a(ManagedString.cpp.o)
                              source/CMakeFiles/iot-morse-code.dir/home/student/ufcfvk-15-2-iot-challenge-2/application_files/source/Interface.cpp.o (ManagedString::~ManagedString())
ym/microbit-dal/source/microbit-dal.a(MicroBitEvent.cpp.o)
                              ym/microbit/source/microbit.a(MicroBit.cpp.o) (MicroBitEvent::MicroBitEvent())
ym/microbit-dal/source/microbit-dal.a(MicroBitImage.cpp.o)
                              ym/microbit/source/microbit.a(MicroBit.cpp.o) (MicroBitImage::setPixelValue(short, short, unsigned char))
ym/microbit-dal/source/microbit-dal.a(PacketBuffer.cpp.o)
                              ym/microbit-dal/source/microbit-dal.a(ManagedString.cpp.o) (PacketBuffer::getBytes())
ym/microbit-dal/source/microbit-dal.a(RefCounted.cpp.o)
                              ym/microbit-dal/source/microbit-dal.a(ManagedString.cpp.o) (RefCounted::init())
ym/microbit-dal/source/microbit-dal.a(MicroBitAccelerometer.cpp.o)
                              ym/microbit/source/microbit.a(MicroBit.cpp.o) (MicroBitAccelerometer::autoDetect(MicroBitI2C&))
ym/microbit-dal/source/microbit-dal.a(MicroBitButton.cpp.o)
                              source/CMakeFiles/iot-morse-code.dir/home/student/ufcfvk-15-2-iot-challenge-2/application_files/source/Interface.cpp.o (MicroBitButton::~MicroBitButton())
ym/microbit-dal/source/microbit-dal.a(MicroBitCompass.cpp.o)
                              ym/microbit/source/microbit.a(MicroBit.cpp.o) (MicroBitCompass::autoDetect(MicroBitI2C&))
ym/microbit-dal/source/microbit-dal.a(MicroBitCompassCalibrator.cpp.o)
                              ym/microbit/source/microbit.a(MicroBit.cpp.o) (MicroBitCompassCalibrator::MicroBitCompassCalibrator(MicroBitCompass&, MicroBitAccelerometer&, MicroBitDisplay&, MicroBitStorage&))
ym/microbit-dal/source/microbit-dal.a(MicroBitDisplay.cpp.o)
                              source/CMakeFiles/iot-morse-code.dir/home/student/ufcfvk-15-2-iot-challenge-2/application_files/source/Interface.cpp.o (MicroBitDisplay::~MicroBitDisplay())
ym/microbit-dal/source/microbit-dal.a(MicroBitI2C.cpp.o)
                              ym/microbit/source/microbit.a(MicroBit.cpp.o) (MicroBitI2C::MicroBitI2C(PinName, PinName))
ym/microbit-dal/source/microbit-dal.a(MicroBitIO.cpp.o)
                              ym/microbit/source/microbit.a(MicroBit.cpp.o) (MicroBitIO::MicroBitIO(int, int, int, int, int, int, int, int, int, int, int, int, int, int, int, int, int, int, int))
ym/microbit-dal/source/microbit-dal.a(MicroBitLightSensor.cpp.o)
                              ym/microbit-dal/source/microbit-dal.a(MicroBitDisplay.cpp.o) (MicroBitLightSensor::read())
ym/microbit-dal/source/microbit-dal.a(MicroBitMessageBus.cpp.o)
                              ym/microbit/source/microbit.a(MicroBit.cpp.o) (MicroBitMessageBus::add(MicroBitListener*))
ym/microbit-dal/source/microbit-dal.a(MicroBitMultiButton.cpp.o)
                              ym/microbit/source/microbit.a(MicroBit.cpp.o) (MicroBitMultiButton::setEventConfiguration(MicroBitButtonEventConfiguration))
ym/microbit-dal/source/microbit-dal.a(MicroBitPin.cpp.o)
                              source/CMakeFiles/iot-morse-code.dir/home/student/ufcfvk-15-2-iot-challenge-2/application_files/source/Interface.cpp.o (MicroBitPin::MicroBitPin(int, PinName, PinCapability))
ym/microbit-dal/source/microbit-dal.a(MicroBitRadio.cpp.o)
[...]
Memory Configuration

Name             Origin             Length             Attributes
FLASH            0x0000000000018000 0x0000000000028000 xr
RAM              0x0000000020002000 0x0000000000002000 xrw
*default*        0x0000000000000000 0xffffffffffffffff

Linker script and memory map

LOAD /usr/bin/../lib/gcc/arm-none-eabi/7.3.1/thumb/v6-m/crti.o
LOAD /usr/bin/../lib/gcc/arm-none-eabi/7.3.1/thumb/v6-m/crtbegin.o
LOAD /usr/bin/../lib/gcc/arm-none-eabi/7.3.1/../../../../arm-none-eabi/lib/thumb/v6-m/crt0.o
START GROUP
LOAD source/CMakeFiles/iot-morse-code.dir/home/student/ufcfvk-15-2-iot-challenge-2/application_files/source/main.cpp.o
LOAD source/CMakeFiles/iot-morse-code.dir/home/student/ufcfvk-15-2-iot-challenge-2/application_files/source/Interface.cpp.o
LOAD source/CMakeFiles/iot-morse-code.dir/home/student/ufcfvk-15-2-iot-challenge-2/application_files/source/Tree.cpp.o
LOAD ym/microbit/source/microbit.a
LOAD ym/microbit-dal/source/microbit-dal.a
LOAD ym/ble/source/ble.a
LOAD ym/ble-nrf51822/source/ble-nrf51822.a
LOAD ym/ble/source/ble.a
LOAD ym/ble-nrf51822/source/ble-nrf51822.a
LOAD ym/nrf51-sdk/source/nrf51-sdk.a
LOAD ym/mbed-classic/existing/mbed-classic.a
LOAD /usr/bin/../lib/gcc/arm-none-eabi/7.3.1/../../../../arm-none-eabi/lib/thumb/v6-m/libnosys.a
LOAD /usr/bin/../lib/gcc/arm-none-eabi/7.3.1/../../../../arm-none-eabi/lib/thumb/v6-m/libstdc++_nano.a
LOAD /usr/bin/../lib/gcc/arm-none-eabi/7.3.1/../../../../arm-none-eabi/lib/thumb/v6-m/libsupc++_nano.a
LOAD /usr/bin/../lib/gcc/arm-none-eabi/7.3.1/thumb/v6-m/libgcc.a
LOAD /usr/bin/../lib/gcc/arm-none-eabi/7.3.1/../../../../arm-none-eabi/lib/thumb/v6-m/libstdc++_nano.a
LOAD /usr/bin/../lib/gcc/arm-none-eabi/7.3.1/../../../../arm-none-eabi/lib/thumb/v6-m/libsupc++_nano.a
LOAD /usr/bin/../lib/gcc/arm-none-eabi/7.3.1/../../../../arm-none-eabi/lib/thumb/v6-m/libm.a
LOAD /usr/bin/../lib/gcc/arm-none-eabi/7.3.1/../../../../arm-none-eabi/lib/thumb/v6-m/libc_nano.a
LOAD /usr/bin/../lib/gcc/arm-none-eabi/7.3.1/thumb/v6-m/libgcc.a
END GROUP
LOAD /usr/bin/../lib/gcc/arm-none-eabi/7.3.1/../../../../arm-none-eabi/lib/thumb/v6-m/libstdc++_nano.a
LOAD /usr/bin/../lib/gcc/arm-none-eabi/7.3.1/../../../../arm-none-eabi/lib/thumb/v6-m/libm.a
LOAD /usr/bin/../lib/gcc/arm-none-eabi/7.3.1/../../../../arm-none-eabi/lib/thumb/v6-m/libc_nano.a
START GROUP
LOAD /usr/bin/../lib/gcc/arm-none-eabi/7.3.1/thumb/v6-m/libgcc.a
LOAD /usr/bin/../lib/gcc/arm-none-eabi/7.3.1/../../../../arm-none-eabi/lib/thumb/v6-m/libc_nano.a
END GROUP
START GROUP
LOAD /usr/bin/../lib/gcc/arm-none-eabi/7.3.1/thumb/v6-m/libgcc.a
LOAD /usr/bin/../lib/gcc/arm-none-eabi/7.3.1/../../../../arm-none-eabi/lib/thumb/v6-m/libc_nano.a
END GROUP
LOAD /usr/bin/../lib/gcc/arm-none-eabi/7.3.1/thumb/v6-m/crtend.o
LOAD /usr/bin/../lib/gcc/arm-none-eabi/7.3.1/thumb/v6-m/crtn.o

.text           0x0000000000018000    0x107d8
 *(SORT_BY_ALIGNMENT(.Vectors))
 .Vectors       0x0000000000018000       0xc0 ym/mbed-classic/existing/mbed-classic.a(startup_NRF51822.S.obj)
                0x0000000000018000                __Vectors
 *(SORT_BY_ALIGNMENT(.text*))
 .text          0x00000000000180c0       0x48 /usr/bin/../lib/gcc/arm-none-eabi/7.3.1/thumb/v6-m/crtbegin.o
 .text          0x0000000000018108       0x78 /usr/bin/../lib/gcc/arm-none-eabi/7.3.1/../../../../arm-none-eabi/lib/thumb/v6-m/crt0.o
                0x0000000000018108                _mainCRTStartup
                0x0000000000018108                _start
 .text._ZN14MicroBitSerialD2Ev
                0x0000000000018180       0x18 source/CMakeFiles/iot-morse-code.dir/home/student/ufcfvk-15-2-iot-challenge-2/application_files/source/Interface.cpp.o
                0x0000000000018180                MicroBitSerial::~MicroBitSerial()
                0x0000000000018180                MicroBitSerial::~MicroBitSerial()
 .text._ZN9Interface5errorEv.constprop.33
                0x0000000000018198       0x2c source/CMakeFiles/iot-morse-code.dir/home/student/ufcfvk-15-2-iot-challenge-2/application_files/source/Interface.cpp.o
 .text._ZN9Interface5resetEv
                0x00000000000181c4       0x38 source/CMakeFiles/iot-morse-code.dir/home/student/ufcfvk-15-2-iot-challenge-2/application_files/source/Interface.cpp.o
                0x00000000000181c4                Interface::reset()
 .text._ZN9InterfaceC2Ev
                0x00000000000181fc       0x34 source/CMakeFiles/iot-morse-code.dir/home/student/ufcfvk-15-2-iot-challenge-2/application_files/source/Interface.cpp.o
                0x00000000000181fc                Interface::Interface()
                0x00000000000181fc                Interface::Interface()
 .text._ZN9Interface13print_messageEv
                0x0000000000018230       0xe4 source/CMakeFiles/iot-morse-code.dir/home/student/ufcfvk-15-2-iot-challenge-2/application_files/source/Interface.cpp.o
                0x0000000000018230                Interface::print_message()
 .text._ZN9Interface4sendEPc
                0x0000000000018314       0xac source/CMakeFiles/iot-morse-code.dir/home/student/ufcfvk-15-2-iot-challenge-2/application_files/source/Interface.cpp.o
                0x0000000000018314                Interface::send(char*)
 .text._ZN9Interface18mc_setup_next_charEcP4Tree
                0x00000000000183c0       0xc4 source/CMakeFiles/iot-morse-code.dir/home/student/ufcfvk-15-2-iot-challenge-2/application_files/source/Interface.cpp.o
                0x00000000000183c0                Interface::mc_setup_next_char(char, Tree*)
 .text._ZN9Interface10build_treeEP4Tree
                0x0000000000018484      0x818 source/CMakeFiles/iot-morse-code.dir/home/student/ufcfvk-15-2-iot-challenge-2/application_files/source/Interface.cpp.o
                0x0000000000018484                Interface::build_tree(Tree*)
 .text._ZN9Interface4initEv
                0x0000000000018c9c      0x168 source/CMakeFiles/iot-morse-code.dir/home/student/ufcfvk-15-2-iot-challenge-2/application_files/source/Interface.cpp.o
                0x0000000000018c9c                Interface::init()
 .text.startup._GLOBAL__sub_I_uBit
                0x0000000000018e04       0x68 source/CMakeFiles/iot-morse-code.dir/home/student/ufcfvk-15-2-iot-challenge-2/application_files/source/Interface.cpp.o
 .text._ZN8MicroBitD2Ev
                0x0000000000018e6c       0x58 source/CMakeFiles/iot-morse-code.dir/home/student/ufcfvk-15-2-iot-challenge-2/application_files/source/Interface.cpp.o
                0x0000000000018e6c                MicroBit::~MicroBit()
                0x0000000000018e6c                MicroBit::~MicroBit()
 .text._ZN4TreeC2Ev
                0x0000000000018ec4       0x28 source/CMakeFiles/iot-morse-code.dir/home/student/ufcfvk-15-2-iot-challenge-2/application_files/source/Tree.cpp.o
                0x0000000000018ec4                Tree::Tree()
                0x0000000000018ec4                Tree::Tree()
 .text._ZN8MicroBitC2Ev
                0x0000000000018eec      0x170 ym/microbit/source/microbit.a(MicroBit.cpp.o)
                0x0000000000018eec                MicroBit::MicroBit()
                0x0000000000018eec                MicroBit::MicroBit()
 .text._ZN8MicroBit4initEv
                0x000000000001905c      0x1fc ym/microbit/source/microbit.a(MicroBit.cpp.o)
                0x000000000001905c                MicroBit::init()
 .text.NVIC_SystemReset
                0x0000000000019258       0x18 ym/microbit-dal/source/microbit-dal.a(MicroBitDevice.cpp.o)
 .text._Z22microbit_friendly_namev
                0x0000000000019270       0x68 ym/microbit-dal/source/microbit-dal.a(MicroBitDevice.cpp.o)
                0x0000000000019270                microbit_friendly_name()
 .text._Z14microbit_panici
                0x00000000000192d8      0x170 ym/microbit-dal/source/microbit-dal.a(MicroBitDevice.cpp.o)
                0x00000000000192d8                microbit_panic(int)
 .text._Z20microbit_seed_randomv
                0x0000000000019448       0x60 ym/microbit-dal/source/microbit-dal.a(MicroBitDevice.cpp.o)
                0x0000000000019448                microbit_seed_random()
 .text._ZN10EventModel6listenEiiPFv13MicroBitEventEt
                0x00000000000194a8       0x5c ym/microbit-dal/source/microbit-dal.a(MicroBitFiber.cpp.o)
                0x00000000000194a8                EventModel::listen(int, int, void (*)(MicroBitEvent), unsigned short)
 .text._Z14scheduler_tickv
                0x0000000000019504       0x38 ym/microbit-dal/source/microbit-dal.a(MicroBitFiber.cpp.o)
                0x0000000000019504                scheduler_tick()
 .text._Z15scheduler_event13MicroBitEvent
                0x000000000001953c       0xcc ym/microbit-dal/source/microbit-dal.a(MicroBitFiber.cpp.o)
                0x000000000001953c                scheduler_event(MicroBitEvent)
 .text._Z15getFiberContextv
                0x0000000000019608       0x3c ym/microbit-dal/source/microbit-dal.a(MicroBitFiber.cpp.o)
                0x0000000000019608                getFiberContext()
 .text._Z23fiber_scheduler_runningv
                0x0000000000019644       0x10 ym/microbit-dal/source/microbit-dal.a(MicroBitFiber.cpp.o)
                0x0000000000019644                fiber_scheduler_running()
 .text._Z14scheduler_initR10EventModel
                0x0000000000019654       0xa8 ym/microbit-dal/source/microbit-dal.a(MicroBitFiber.cpp.o)
                0x0000000000019654                scheduler_init(EventModel&)
 .text._Z14__create_fibermmmi
                0x00000000000196fc       0x50 ym/microbit-dal/source/microbit-dal.a(MicroBitFiber.cpp.o)
                0x00000000000196fc                __create_fiber(unsigned long, unsigned long, unsigned long, int)
 .text._Z24scheduler_runqueue_emptyv
                0x000000000001974c       0x10 ym/microbit-dal/source/microbit-dal.a(MicroBitFiber.cpp.o)
                0x000000000001974c                scheduler_runqueue_empty()
 .text._Z24fiber_add_idle_componentP17MicroBitComponent
                0x000000000001975c       0x1c ym/microbit-dal/source/microbit-dal.a(MicroBitFiber.cpp.o)
                0x000000000001975c                fiber_add_idle_component(MicroBitComponent*)
 .text._Z27fiber_remove_idle_componentP17MicroBitComponent
                0x0000000000019778       0x1c ym/microbit-dal/source/microbit-dal.a(MicroBitFiber.cpp.o)
                0x0000000000019778                fiber_remove_idle_component(MicroBitComponent*)
 .text._Z4idlev
                0x0000000000019794       0x30 ym/microbit-dal/source/microbit-dal.a(MicroBitFiber.cpp.o)
                0x0000000000019794                idle()
 .text._Z8schedulev
                0x00000000000197c4       0xcc ym/microbit-dal/source/microbit-dal.a(MicroBitFiber.cpp.o)
                0x00000000000197c4                schedule()
 .text._Z11fiber_sleepm
                0x0000000000019890       0x54 ym/microbit-dal/source/microbit-dal.a(MicroBitFiber.cpp.o)
                0x0000000000019890                fiber_sleep(unsigned long)
 .text._Z19fiber_wake_on_eventtt
                0x00000000000198e4       0x9c ym/microbit-dal/source/microbit-dal.a(MicroBitFiber.cpp.o)
                0x00000000000198e4                fiber_wake_on_event(unsigned short, unsigned short)
 .text._Z13release_fiberv
                0x0000000000019980       0x28 ym/microbit-dal/source/microbit-dal.a(MicroBitFiber.cpp.o)
                0x0000000000019980                release_fiber()
 .text._Z6invokePFvPvES_
                0x00000000000199a8       0x80 ym/microbit-dal/source/microbit-dal.a(MicroBitFiber.cpp.o)
                0x00000000000199a8                invoke(void (*)(void*), void*)
 .text._ZN12MicroBitFont13getSystemFontEv
                0x0000000000019a28       0x10 ym/microbit-dal/source/microbit-dal.a(MicroBitFont.cpp.o)
                0x0000000000019a28                MicroBitFont::getSystemFont()
 .text.startup._GLOBAL__sub_I__ZN12MicroBitFont11defaultFontE
                0x0000000000019a38       0x18 ym/microbit-dal/source/microbit-dal.a(MicroBitFont.cpp.o)
 .text._Z20microbit_create_heapmm
                0x0000000000019a50       0x58 ym/microbit-dal/source/microbit-dal.a(MicroBitHeapAllocator.cpp.o)
                0x0000000000019a50                microbit_create_heap(unsigned long, unsigned long)
 .text.malloc   0x0000000000019aa8       0x68 ym/microbit-dal/source/microbit-dal.a(MicroBitHeapAllocator.cpp.o)
                0x0000000000019aa8                malloc
 .text.free     0x0000000000019b10       0x50 ym/microbit-dal/source/microbit-dal.a(MicroBitHeapAllocator.cpp.o)
                0x0000000000019b10                free
 .text._Z23system_timer_set_periodi
                0x0000000000019b60       0x44 ym/microbit-dal/source/microbit-dal.a(MicroBitSystemTimer.cpp.o)
                0x0000000000019b60                system_timer_set_period(int)
 .text._Z17system_timer_initi
                0x0000000000019ba4       0x54 ym/microbit-dal/source/microbit-dal.a(MicroBitSystemTimer.cpp.o)
                0x0000000000019ba4                system_timer_init(int)
 .text._Z23system_timer_get_periodv
                0x0000000000019bf8        0xc ym/microbit-dal/source/microbit-dal.a(MicroBitSystemTimer.cpp.o)
                0x0000000000019bf8                system_timer_get_period()
 .text._Z11update_timev
                0x0000000000019c04       0x44 ym/microbit-dal/source/microbit-dal.a(MicroBitSystemTimer.cpp.o)
                0x0000000000019c04                update_time()
 .text._Z17system_timer_tickv
                0x0000000000019c48       0x24 ym/microbit-dal/source/microbit-dal.a(MicroBitSystemTimer.cpp.o)
                0x0000000000019c48                system_timer_tick()
 .text._Z25system_timer_current_timev
                0x0000000000019c6c       0x1c ym/microbit-dal/source/microbit-dal.a(MicroBitSystemTimer.cpp.o)
                0x0000000000019c6c                system_timer_current_time()
 .text._Z28system_timer_current_time_usv
                0x0000000000019c88       0x14 ym/microbit-dal/source/microbit-dal.a(MicroBitSystemTimer.cpp.o)
                0x0000000000019c88                system_timer_current_time_us()
 .text._Z26system_timer_add_componentP17MicroBitComponent
                0x0000000000019c9c       0x3c ym/microbit-dal/source/microbit-dal.a(MicroBitSystemTimer.cpp.o)
                0x0000000000019c9c                system_timer_add_component(MicroBitComponent*)
 .text._Z29system_timer_remove_componentP17MicroBitComponent
                0x0000000000019cd8       0x1c ym/microbit-dal/source/microbit-dal.a(MicroBitSystemTimer.cpp.o)
                0x0000000000019cd8                system_timer_remove_component(MicroBitComponent*)
 .text._ZN13ManagedStringC2EPKc
                0x0000000000019cf4       0x20 ym/microbit-dal/source/microbit-dal.a(ManagedString.cpp.o)
                0x0000000000019cf4                ManagedString::ManagedString(char const*)
                0x0000000000019cf4                ManagedString::ManagedString(char const*)
 .text._ZN13ManagedStringC2EPKcs
                0x0000000000019d14       0x54 ym/microbit-dal/source/microbit-dal.a(ManagedString.cpp.o)
                0x0000000000019d14                ManagedString::ManagedString(char const*, short)
                0x0000000000019d14                ManagedString::ManagedString(char const*, short)
 .text._ZN13ManagedStringC2Ev
                0x0000000000019d68        0xc ym/microbit-dal/source/microbit-dal.a(ManagedString.cpp.o)
                0x0000000000019d68                ManagedString::ManagedString()
                0x0000000000019d68                ManagedString::ManagedString()
 .text.startup._GLOBAL__sub_I__ZN13ManagedString9initEmptyEv
                0x0000000000019d74       0x28 ym/microbit-dal/source/microbit-dal.a(ManagedString.cpp.o)
 .text._ZN13MicroBitEvent4fireEv
                0x0000000000019d9c       0x28 ym/microbit-dal/source/microbit-dal.a(MicroBitEvent.cpp.o)
                0x0000000000019d9c                MicroBitEvent::fire()
 .text._ZN13MicroBitImageC2Ev
                0x0000000000019dc4        0xc ym/microbit-dal/source/microbit-dal.a(MicroBitImage.cpp.o)
                0x0000000000019dc4                MicroBitImage::MicroBitImage()
                0x0000000000019dc4                MicroBitImage::MicroBitImage()
 .text._ZN13MicroBitImageC2EP9ImageData
                0x0000000000019dd0       0x20 ym/microbit-dal/source/microbit-dal.a(MicroBitImage.cpp.o)
                0x0000000000019dd0                MicroBitImage::MicroBitImage(ImageData*)
                0x0000000000019dd0                MicroBitImage::MicroBitImage(ImageData*)
 .text._ZN13MicroBitImage13setPixelValueEssh
                0x0000000000019df0       0x2c ym/microbit-dal/source/microbit-dal.a(MicroBitImage.cpp.o)
                0x0000000000019df0                MicroBitImage::setPixelValue(short, short, unsigned char)
 .text._ZN13MicroBitImage10printImageEssPKh
                0x0000000000019e1c       0x60 ym/microbit-dal/source/microbit-dal.a(MicroBitImage.cpp.o)
                0x0000000000019e1c                MicroBitImage::printImage(short, short, unsigned char const*)
 .text._ZN13MicroBitImage4initEssPKh
                0x0000000000019e7c       0x50 ym/microbit-dal/source/microbit-dal.a(MicroBitImage.cpp.o)
                0x0000000000019e7c                MicroBitImage::init(short, short, unsigned char const*)
 .text._ZN13MicroBitImageC2EPKc
                0x0000000000019ecc       0xa0 ym/microbit-dal/source/microbit-dal.a(MicroBitImage.cpp.o)
                0x0000000000019ecc                MicroBitImage::MicroBitImage(char const*)
                0x0000000000019ecc                MicroBitImage::MicroBitImage(char const*)
 .text._ZN13MicroBitImage5printEcss
                0x0000000000019f6c       0x90 ym/microbit-dal/source/microbit-dal.a(MicroBitImage.cpp.o)
                0x0000000000019f6c                MicroBitImage::print(char, short, short)
 .text._ZN13MicroBitImage9shiftLeftEs
                0x0000000000019ffc       0x54 ym/microbit-dal/source/microbit-dal.a(MicroBitImage.cpp.o)
                0x0000000000019ffc                MicroBitImage::shiftLeft(short)
 .text.startup._GLOBAL__sub_I__ZN13MicroBitImage10EmptyImageE
                0x000000000001a050       0x28 ym/microbit-dal/source/microbit-dal.a(MicroBitImage.cpp.o)
 .text.startup._GLOBAL__sub_I__ZN12PacketBuffer11EmptyPacketE
                0x000000000001a078       0x24 ym/microbit-dal/source/microbit-dal.a(PacketBuffer.cpp.o)
 .text._ZL16isReadOnlyInlineP10RefCounted
                0x000000000001a09c       0x24 ym/microbit-dal/source/microbit-dal.a(RefCounted.cpp.o)
 .text._ZN21MicroBitAccelerometer9configureEv
                0x000000000001a0c0        0x8 ym/microbit-dal/source/microbit-dal.a(MicroBitAccelerometer.cpp.o)
                0x000000000001a0c0                MicroBitAccelerometer::configure()
 .text._ZN21MicroBitAccelerometer13requestUpdateEv
                0x000000000001a0c8       0x10 ym/microbit-dal/source/microbit-dal.a(MicroBitAccelerometer.cpp.o)
                0x000000000001a0c8                MicroBitAccelerometer::requestUpdate()
 .text._ZN21MicroBitAccelerometerC2ER15CoordinateSpacet
                0x000000000001a0d8       0x50 ym/microbit-dal/source/microbit-dal.a(MicroBitAccelerometer.cpp.o)
                0x000000000001a0d8                MicroBitAccelerometer::MicroBitAccelerometer(CoordinateSpace&, unsigned short)
                0x000000000001a0d8                MicroBitAccelerometer::MicroBitAccelerometer(CoordinateSpace&, unsigned short)
 .text._ZN21MicroBitAccelerometer10autoDetectER11MicroBitI2C
                0x000000000001a128      0x160 ym/microbit-dal/source/microbit-dal.a(MicroBitAccelerometer.cpp.o)
                0x000000000001a128                MicroBitAccelerometer::autoDetect(MicroBitI2C&)
 .text._ZN21MicroBitAccelerometer20instantaneousPostureEv
                0x000000000001a288      0x194 ym/microbit-dal/source/microbit-dal.a(MicroBitAccelerometer.cpp.o)
                0x000000000001a288                MicroBitAccelerometer::instantaneousPosture()
 .text._ZN14MicroBitButton10systemTickEv
                0x000000000001a41c       0xdc ym/microbit-dal/source/microbit-dal.a(MicroBitButton.cpp.o)
                0x000000000001a41c                MicroBitButton::systemTick()
 .text._ZN14MicroBitButtonD2Ev
                0x000000000001a4f8       0x18 ym/microbit-dal/source/microbit-dal.a(MicroBitButton.cpp.o)
                0x000000000001a4f8                MicroBitButton::~MicroBitButton()
                0x000000000001a4f8                MicroBitButton::~MicroBitButton()
 .text._ZN14MicroBitButtonC2E7PinNamet32MicroBitButtonEventConfiguration7PinMode
                0x000000000001a510       0x58 ym/microbit-dal/source/microbit-dal.a(MicroBitButton.cpp.o)
                0x000000000001a510                MicroBitButton::MicroBitButton(PinName, unsigned short, MicroBitButtonEventConfiguration, PinMode)
                0x000000000001a510                MicroBitButton::MicroBitButton(PinName, unsigned short, MicroBitButtonEventConfiguration, PinMode)
 .text._ZN15MicroBitCompass9configureEv
                0x000000000001a568        0x8 ym/microbit-dal/source/microbit-dal.a(MicroBitCompass.cpp.o)
                0x000000000001a568                MicroBitCompass::configure()
 .text._ZN15MicroBitCompass13requestUpdateEv
                0x000000000001a570       0x10 ym/microbit-dal/source/microbit-dal.a(MicroBitCompass.cpp.o)
                0x000000000001a570                MicroBitCompass::requestUpdate()
 .text._ZN15MicroBitCompassC2ER15CoordinateSpacet
                0x000000000001a580       0x44 ym/microbit-dal/source/microbit-dal.a(MicroBitCompass.cpp.o)
                0x000000000001a580                MicroBitCompass::MicroBitCompass(CoordinateSpace&, unsigned short)
                0x000000000001a580                MicroBitCompass::MicroBitCompass(CoordinateSpace&, unsigned short)
 .text._ZN15MicroBitCompass10autoDetectER11MicroBitI2C
                0x000000000001a5c4      0x15c ym/microbit-dal/source/microbit-dal.a(MicroBitCompass.cpp.o)
                0x000000000001a5c4                MicroBitCompass::autoDetect(MicroBitI2C&)
 .text._ZN25MicroBitCompassCalibrator11calibrateUXE13MicroBitEvent
                0x000000000001a720      0x29c ym/microbit-dal/source/microbit-dal.a(MicroBitCompassCalibrator.cpp.o)
                0x000000000001a720                MicroBitCompassCalibrator::calibrateUX(MicroBitEvent)
 .text._ZN10EventModel6listenI25MicroBitCompassCalibratorEEittPT_MS2_Fv13MicroBitEventEt
                0x000000000001a9bc       0xa8 ym/microbit-dal/source/microbit-dal.a(MicroBitCompassCalibrator.cpp.o)
                0x000000000001a9bc                int EventModel::listen<MicroBitCompassCalibrator>(unsigned short, unsigned short, MicroBitCompassCalibrator*, void (MicroBitCompassCalibrator::*)(MicroBitEvent), unsigned short)
 .text._ZN25MicroBitCompassCalibratorC2ER15MicroBitCompassR21MicroBitAccelerometerR15MicroBitDisplayR15MicroBitStorage
                0x000000000001aa64       0x80 ym/microbit-dal/source/microbit-dal.a(MicroBitCompassCalibrator.cpp.o)
                0x000000000001aa64                MicroBitCompassCalibrator::MicroBitCompassCalibrator(MicroBitCompass&, MicroBitAccelerometer&, MicroBitDisplay&, MicroBitStorage&)
                0x000000000001aa64                MicroBitCompassCalibrator::MicroBitCompassCalibrator(MicroBitCompass&, MicroBitAccelerometer&, MicroBitDisplay&, MicroBitStorage&)
 .text._ZN15MicroBitDisplay15renderGreyscaleEv
                0x000000000001aae4       0xfc ym/microbit-dal/source/microbit-dal.a(MicroBitDisplay.cpp.o)
                0x000000000001aae4                MicroBitDisplay::renderGreyscale()
 .text._ZN4mbed6TickerD2Ev
                0x000000000001abe0       0x1c ym/microbit-dal/source/microbit-dal.a(MicroBitDisplay.cpp.o)
                0x000000000001abe0                mbed::Ticker::~Ticker()
                0x000000000001abe0                mbed::Ticker::~Ticker()
 .text._ZN15MicroBitDisplayD2Ev
                0x000000000001abfc       0x48 ym/microbit-dal/source/microbit-dal.a(MicroBitDisplay.cpp.o)
                0x000000000001abfc                MicroBitDisplay::~MicroBitDisplay()
                0x000000000001abfc                MicroBitDisplay::~MicroBitDisplay()
 .text._ZN15MicroBitDisplayC2EtRK9MatrixMap
                0x000000000001ac44       0xd8 ym/microbit-dal/source/microbit-dal.a(MicroBitDisplay.cpp.o)
                0x000000000001ac44                MicroBitDisplay::MicroBitDisplay(unsigned short, MatrixMap const&)
                0x000000000001ac44                MicroBitDisplay::MicroBitDisplay(unsigned short, MatrixMap const&)
 .text._ZN15MicroBitDisplay6renderEv
                0x000000000001ad1c       0xf4 ym/microbit-dal/source/microbit-dal.a(MicroBitDisplay.cpp.o)
                0x000000000001ad1c                MicroBitDisplay::render()
 .text._ZN15MicroBitDisplay26sendAnimationCompleteEventEv
                0x000000000001ae10       0x24 ym/microbit-dal/source/microbit-dal.a(MicroBitDisplay.cpp.o)
                0x000000000001ae10                MicroBitDisplay::sendAnimationCompleteEvent()
 .text._ZN15MicroBitDisplay13stopAnimationEv
                0x000000000001ae34       0x38 ym/microbit-dal/source/microbit-dal.a(MicroBitDisplay.cpp.o)
                0x000000000001ae34                MicroBitDisplay::stopAnimation()
 .text._ZN15MicroBitDisplay18waitForFreeDisplayEv
                0x000000000001ae6c       0x20 ym/microbit-dal/source/microbit-dal.a(MicroBitDisplay.cpp.o)
                0x000000000001ae6c                MicroBitDisplay::waitForFreeDisplay()
 .text._ZN15MicroBitDisplay9fiberWaitEv
                0x000000000001ae8c       0x2c ym/microbit-dal/source/microbit-dal.a(MicroBitDisplay.cpp.o)
                0x000000000001ae8c                MicroBitDisplay::fiberWait()
 .text._ZN15MicroBitDisplay14printCharAsyncEci
                0x000000000001aeb8       0x4c ym/microbit-dal/source/microbit-dal.a(MicroBitDisplay.cpp.o)
                0x000000000001aeb8                MicroBitDisplay::printCharAsync(char, int)
 .text._ZN15MicroBitDisplay10printAsyncE13ManagedStringi
                0x000000000001af04       0x6c ym/microbit-dal/source/microbit-dal.a(MicroBitDisplay.cpp.o)
                0x000000000001af04                MicroBitDisplay::printAsync(ManagedString, int)
 .text._ZN15MicroBitDisplay10printAsyncE13MicroBitImageiiii
                0x000000000001af70       0x54 ym/microbit-dal/source/microbit-dal.a(MicroBitDisplay.cpp.o)
                0x000000000001af70                MicroBitDisplay::printAsync(MicroBitImage, int, int, int, int)
 .text._ZN15MicroBitDisplay5printE13ManagedStringi
                0x000000000001afc4       0x68 ym/microbit-dal/source/microbit-dal.a(MicroBitDisplay.cpp.o)
                0x000000000001afc4                MicroBitDisplay::print(ManagedString, int)
 .text._ZN15MicroBitDisplay5printE13MicroBitImageiiii
                0x000000000001b02c       0x64 ym/microbit-dal/source/microbit-dal.a(MicroBitDisplay.cpp.o)
                0x000000000001b02c                MicroBitDisplay::print(MicroBitImage, int, int, int, int)
 .text._ZN15MicroBitDisplay11scrollAsyncE13ManagedStringi
                0x000000000001b090       0x54 ym/microbit-dal/source/microbit-dal.a(MicroBitDisplay.cpp.o)
                0x000000000001b090                MicroBitDisplay::scrollAsync(ManagedString, int)
 .text._ZN15MicroBitDisplay6scrollE13ManagedStringi
                0x000000000001b0e4       0x4c ym/microbit-dal/source/microbit-dal.a(MicroBitDisplay.cpp.o)
                0x000000000001b0e4                MicroBitDisplay::scroll(ManagedString, int)
 .text._ZN15MicroBitDisplay12animateAsyncE13MicroBitImageiiii
                0x000000000001b130       0x74 ym/microbit-dal/source/microbit-dal.a(MicroBitDisplay.cpp.o)
                0x000000000001b130                MicroBitDisplay::animateAsync(MicroBitImage, int, int, int, int)
 .text._ZN15MicroBitDisplay7animateE13MicroBitImageiiii
                0x000000000001b1a4       0x5c ym/microbit-dal/source/microbit-dal.a(MicroBitDisplay.cpp.o)
                0x000000000001b1a4                MicroBitDisplay::animate(MicroBitImage, int, int, int, int)
 .text._ZN15MicroBitDisplay13setBrightnessEi
                0x000000000001b200       0x14 ym/microbit-dal/source/microbit-dal.a(MicroBitDisplay.cpp.o)
                0x000000000001b200                MicroBitDisplay::setBrightness(int)
 .text._ZN11MicroBitI2C4readEiPcib
                0x000000000001b214       0x20 ym/microbit-dal/source/microbit-dal.a(MicroBitI2C.cpp.o)
                0x000000000001b214                MicroBitI2C::read(int, char*, int, bool)
 .text._ZN11MicroBitI2C5writeEiPKcib
                0x000000000001b234       0x20 ym/microbit-dal/source/microbit-dal.a(MicroBitI2C.cpp.o)
                0x000000000001b234                MicroBitI2C::write(int, char const*, int, bool)
 .text._ZN11MicroBitI2C12readRegisterEhhPhi
                0x000000000001b254       0x4c ym/microbit-dal/source/microbit-dal.a(MicroBitI2C.cpp.o)
                0x000000000001b254                MicroBitI2C::readRegister(unsigned char, unsigned char, unsigned char*, int)
 .text._ZN18MicroBitMessageBus6removeEP16MicroBitListener
                0x000000000001b2a0       0x94 ym/microbit-dal/source/microbit-dal.a(MicroBitMessageBus.cpp.o)
                0x000000000001b2a0                MicroBitMessageBus::remove(MicroBitListener*)
 .text._ZN18MicroBitMessageBus3addEP16MicroBitListener
                0x000000000001b334       0xd8 ym/microbit-dal/source/microbit-dal.a(MicroBitMessageBus.cpp.o)
                0x000000000001b334                MicroBitMessageBus::add(MicroBitListener*)
 .text._ZN18MicroBitMessageBusD2Ev
                0x000000000001b40c       0x20 ym/microbit-dal/source/microbit-dal.a(MicroBitMessageBus.cpp.o)
                0x000000000001b40c                MicroBitMessageBus::~MicroBitMessageBus()
                0x000000000001b40c                MicroBitMessageBus::~MicroBitMessageBus()
 .text._ZThn8_N18MicroBitMessageBusD1Ev
                0x000000000001b42c       0x10 ym/microbit-dal/source/microbit-dal.a(MicroBitMessageBus.cpp.o)
                0x000000000001b42c                non-virtual thunk to MicroBitMessageBus::~MicroBitMessageBus()
 .text._ZThn8_N18MicroBitMessageBusD0Ev
                0x000000000001b43c       0x10 ym/microbit-dal/source/microbit-dal.a(MicroBitMessageBus.cpp.o)
                0x000000000001b43c                non-virtual thunk to MicroBitMessageBus::~MicroBitMessageBus()
 .text._ZN18MicroBitMessageBusC2Ev
                0x000000000001b44c       0x3c ym/microbit-dal/source/microbit-dal.a(MicroBitMessageBus.cpp.o)
                0x000000000001b44c                MicroBitMessageBus::MicroBitMessageBus()
                0x000000000001b44c                MicroBitMessageBus::MicroBitMessageBus()
 .text._ZN18MicroBitMessageBus7processER13MicroBitEventb
                0x000000000001b488       0x84 ym/microbit-dal/source/microbit-dal.a(MicroBitMessageBus.cpp.o)
                0x000000000001b488                MicroBitMessageBus::process(MicroBitEvent&, bool)
 .text._ZThn8_N18MicroBitMessageBus8idleTickEv
                0x000000000001b50c       0x10 ym/microbit-dal/source/microbit-dal.a(MicroBitMessageBus.cpp.o)
                0x000000000001b50c                non-virtual thunk to MicroBitMessageBus::idleTick()
 .text._ZN10EventModel6listenI19MicroBitMultiButtonEEittPT_MS2_Fv13MicroBitEventEt
                0x000000000001b51c       0xa8 ym/microbit-dal/source/microbit-dal.a(MicroBitMultiButton.cpp.o)
                0x000000000001b51c                int EventModel::listen<MicroBitMultiButton>(unsigned short, unsigned short, MicroBitMultiButton*, void (MicroBitMultiButton::*)(MicroBitEvent), unsigned short)
 .text._ZN19MicroBitMultiButtonC2Ettt
                0x000000000001b5c4       0x70 ym/microbit-dal/source/microbit-dal.a(MicroBitMultiButton.cpp.o)
                0x000000000001b5c4                MicroBitMultiButton::MicroBitMultiButton(unsigned short, unsigned short, unsigned short)
                0x000000000001b5c4                MicroBitMultiButton::MicroBitMultiButton(unsigned short, unsigned short, unsigned short)
 .text._ZN11MicroBitPinC2Ei7PinName13PinCapability
                0x000000000001b634       0x1c ym/microbit-dal/source/microbit-dal.a(MicroBitPin.cpp.o)
                0x000000000001b634                MicroBitPin::MicroBitPin(int, PinName, PinCapability)
                0x000000000001b634                MicroBitPin::MicroBitPin(int, PinName, PinCapability)
 .text._ZN11MicroBitPin10disconnectEv
                0x000000000001b650       0x7c ym/microbit-dal/source/microbit-dal.a(MicroBitPin.cpp.o)
                0x000000000001b650                MicroBitPin::disconnect()
 .text._ZN11MicroBitPin15setDigitalValueEi
                0x000000000001b6cc       0x6c ym/microbit-dal/source/microbit-dal.a(MicroBitPin.cpp.o)
                0x000000000001b6cc                MicroBitPin::setDigitalValue(int)
 .text._ZN11MicroBitPin15getDigitalValueEv
                0x000000000001b738       0x6c ym/microbit-dal/source/microbit-dal.a(MicroBitPin.cpp.o)
                0x000000000001b738                MicroBitPin::getDigitalValue()
 .text._ZN11MicroBitPin7setPullE7PinMode
                0x000000000001b7a4       0x2c ym/microbit-dal/source/microbit-dal.a(MicroBitPin.cpp.o)
                0x000000000001b7a4                MicroBitPin::setPull(PinMode)
 .text._ZN13MicroBitRadioC2Et
                0x000000000001b7d0       0x40 ym/microbit-dal/source/microbit-dal.a(MicroBitRadio.cpp.o)
                0x000000000001b7d0                MicroBitRadio::MicroBitRadio(unsigned short)
                0x000000000001b7d0                MicroBitRadio::MicroBitRadio(unsigned short)
 .text._ZN13MicroBitRadio7setRSSIEi
                0x000000000001b810       0x14 ym/microbit-dal/source/microbit-dal.a(MicroBitRadio.cpp.o)
                0x000000000001b810                MicroBitRadio::setRSSI(int)
 .text._ZN13MicroBitRadio7getRSSIEv
                0x000000000001b824       0x14 ym/microbit-dal/source/microbit-dal.a(MicroBitRadio.cpp.o)
                0x000000000001b824                MicroBitRadio::getRSSI()
 .text._ZN13MicroBitRadio10queueRxBufEv
                0x000000000001b838       0x60 ym/microbit-dal/source/microbit-dal.a(MicroBitRadio.cpp.o)
                0x000000000001b838                MicroBitRadio::queueRxBuf()
 .text.RADIO_IRQHandler
                0x000000000001b898       0x64 ym/microbit-dal/source/microbit-dal.a(MicroBitRadio.cpp.o)
                0x000000000001b898                RADIO_IRQHandler
 .text._ZN13MicroBitRadio4recvEv
                0x000000000001b8fc       0x28 ym/microbit-dal/source/microbit-dal.a(MicroBitRadio.cpp.o)
                0x000000000001b8fc                MicroBitRadio::recv()
 .text._ZN14MicroBitSerial4baudEi
                0x000000000001b924       0x14 ym/microbit-dal/source/microbit-dal.a(MicroBitSerial.cpp.o)
                0x000000000001b924                MicroBitSerial::baud(int)
 .text._ZN14MicroBitSerialC2E7PinNameS0_hh
                0x000000000001b938       0x50 ym/microbit-dal/source/microbit-dal.a(MicroBitSerial.cpp.o)
                0x000000000001b938                MicroBitSerial::MicroBitSerial(PinName, PinName, unsigned char, unsigned char)
                0x000000000001b938                MicroBitSerial::MicroBitSerial(PinName, PinName, unsigned char, unsigned char)
 .text._ZN15MicroBitStorage4sizeEv
                0x000000000001b988       0x60 ym/microbit-dal/source/microbit-dal.a(MicroBitStorage.cpp.o)
                0x000000000001b988                MicroBitStorage::size()
 .text._ZN15MicroBitStorage3putEPKcPhi
                0x000000000001b9e8      0x1a8 ym/microbit-dal/source/microbit-dal.a(MicroBitStorage.cpp.o)
                0x000000000001b9e8                MicroBitStorage::put(char const*, unsigned char*, int)
 .text._ZN15MicroBitStorage6removeEPKc
                0x000000000001bb90       0xd8 ym/microbit-dal/source/microbit-dal.a(MicroBitStorage.cpp.o)
                0x000000000001bb90                MicroBitStorage::remove(char const*)
 .text._ZN19MicroBitThermometerC2ER15MicroBitStoraget
                0x000000000001bc68       0x48 ym/microbit-dal/source/microbit-dal.a(MicroBitThermometer.cpp.o)
                0x000000000001bc68                MicroBitThermometer::MicroBitThermometer(MicroBitStorage&, unsigned short)
                0x000000000001bc68                MicroBitThermometer::MicroBitThermometer(MicroBitStorage&, unsigned short)
 .text._ZN19MicroBitThermometer12updateSampleEv
                0x000000000001bcb0       0x8c ym/microbit-dal/source/microbit-dal.a(MicroBitThermometer.cpp.o)
                0x000000000001bcb0                MicroBitThermometer::updateSample()
 .text._ZL18nvmc_event_handlerm
                0x000000000001bd3c       0x10 ym/microbit-dal/source/microbit-dal.a(MicroBitFlash.cpp.o)
 .text._ZN13MicroBitFlashC2Ev
                0x000000000001bd4c       0x24 ym/microbit-dal/source/microbit-dal.a(MicroBitFlash.cpp.o)
                0x000000000001bd4c                MicroBitFlash::MicroBitFlash()
                0x000000000001bd4c                MicroBitFlash::MicroBitFlash()
 .text._ZN13MicroBitFlash10erase_pageEPm
                0x000000000001bd70       0x6c ym/microbit-dal/source/microbit-dal.a(MicroBitFlash.cpp.o)
                0x000000000001bd70                MicroBitFlash::erase_page(unsigned long*)
 .text._ZN13MicroBitFlash10flash_burnEPmS0_i
                0x000000000001bddc       0x7c ym/microbit-dal/source/microbit-dal.a(MicroBitFlash.cpp.o)
                0x000000000001bddc                MicroBitFlash::flash_burn(unsigned long*, unsigned long*, int)
 .text._ZThn68_N8FXOS87008idleTickEv
                0x000000000001be58       0x10 ym/microbit-dal/source/microbit-dal.a(FXOS8700.cpp.o)
                0x000000000001be58                non-virtual thunk to FXOS8700::idleTick()
 .text._ZN8FXOS87009configureEv
                0x000000000001be68       0xe4 ym/microbit-dal/source/microbit-dal.a(FXOS8700.cpp.o)
                0x000000000001be68                FXOS8700::configure()
 .text._ZThn68_N8FXOS87009configureEv
                0x000000000001bf4c       0x10 ym/microbit-dal/source/microbit-dal.a(FXOS8700.cpp.o)
                0x000000000001bf4c                non-virtual thunk to FXOS8700::configure()
 .text._ZN8FXOS8700D2Ev
                0x000000000001bf5c       0x24 ym/microbit-dal/source/microbit-dal.a(FXOS8700.cpp.o)
                0x000000000001bf5c                FXOS8700::~FXOS8700()
                0x000000000001bf5c                FXOS8700::~FXOS8700()
 .text._ZThn68_N8FXOS8700D1Ev
                0x000000000001bf80       0x10 ym/microbit-dal/source/microbit-dal.a(FXOS8700.cpp.o)
                0x000000000001bf80                non-virtual thunk to FXOS8700::~FXOS8700()
 .text._ZThn68_N8FXOS8700D0Ev
                0x000000000001bf90       0x10 ym/microbit-dal/source/microbit-dal.a(FXOS8700.cpp.o)
                0x000000000001bf90                non-virtual thunk to FXOS8700::~FXOS8700()
 .text._ZN8FXOS870013requestUpdateEv
                0x000000000001bfa0       0xfc ym/microbit-dal/source/microbit-dal.a(FXOS8700.cpp.o)
                0x000000000001bfa0                FXOS8700::requestUpdate()
 .text._ZThn68_N8FXOS870013requestUpdateEv
                0x000000000001c09c       0x10 ym/microbit-dal/source/microbit-dal.a(FXOS8700.cpp.o)
                0x000000000001c09c                non-virtual thunk to FXOS8700::requestUpdate()
 .text._ZN8FXOS8700C2ER11MicroBitI2C11MicroBitPinR15CoordinateSpacettt
                0x000000000001c0ac       0x80 ym/microbit-dal/source/microbit-dal.a(FXOS8700.cpp.o)
                0x000000000001c0ac                FXOS8700::FXOS8700(MicroBitI2C&, MicroBitPin, CoordinateSpace&, unsigned short, unsigned short, unsigned short)
                0x000000000001c0ac                FXOS8700::FXOS8700(MicroBitI2C&, MicroBitPin, CoordinateSpace&, unsigned short, unsigned short, unsigned short)
 .text._ZN7MMA86539configureEv
                0x000000000001c12c       0xb4 ym/microbit-dal/source/microbit-dal.a(MMA8653.cpp.o)
                0x000000000001c12c                MMA8653::configure()
 .text._ZN7MMA8653D2Ev
                0x000000000001c1e0       0x18 ym/microbit-dal/source/microbit-dal.a(MMA8653.cpp.o)
                0x000000000001c1e0                MMA8653::~MMA8653()
                0x000000000001c1e0                MMA8653::~MMA8653()
 .text._ZN7MMA865313requestUpdateEv
                0x000000000001c1f8       0x78 ym/microbit-dal/source/microbit-dal.a(MMA8653.cpp.o)
                0x000000000001c1f8                MMA8653::requestUpdate()
 .text._ZN7MMA8653C2ER11MicroBitI2C11MicroBitPinR15CoordinateSpacett
                0x000000000001c270       0x5c ym/microbit-dal/source/microbit-dal.a(MMA8653.cpp.o)
                0x000000000001c270                MMA8653::MMA8653(MicroBitI2C&, MicroBitPin, CoordinateSpace&, unsigned short, unsigned short)
                0x000000000001c270                MMA8653::MMA8653(MicroBitI2C&, MicroBitPin, CoordinateSpace&, unsigned short, unsigned short)
 .text._ZN7MAG3110D2Ev
                0x000000000001c2cc       0x18 ym/microbit-dal/source/microbit-dal.a(MAG3110.cpp.o)
                0x000000000001c2cc                MAG3110::~MAG3110()
                0x000000000001c2cc                MAG3110::~MAG3110()
 .text._ZN7MAG31109configureEv
                0x000000000001c2e4       0xa4 ym/microbit-dal/source/microbit-dal.a(MAG3110.cpp.o)
                0x000000000001c2e4                MAG3110::configure()
 .text._ZN7MAG311013requestUpdateEv
                0x000000000001c388       0x90 ym/microbit-dal/source/microbit-dal.a(MAG3110.cpp.o)
                0x000000000001c388                MAG3110::requestUpdate()
 .text._ZN7MAG3110C2ER11MicroBitI2C11MicroBitPinR15CoordinateSpacett
                0x000000000001c418       0x54 ym/microbit-dal/source/microbit-dal.a(MAG3110.cpp.o)
                0x000000000001c418                MAG3110::MAG3110(MicroBitI2C&, MicroBitPin, CoordinateSpace&, unsigned short, unsigned short)
                0x000000000001c418                MAG3110::MAG3110(MicroBitI2C&, MicroBitPin, CoordinateSpace&, unsigned short, unsigned short)
 .text._ZN19LSM303Accelerometer9configureEv
                0x000000000001c46c       0x94 ym/microbit-dal/source/microbit-dal.a(LSM303Accelerometer.cpp.o)
                0x000000000001c46c                LSM303Accelerometer::configure()
 .text._ZN19LSM303AccelerometerD2Ev
                0x000000000001c500       0x18 ym/microbit-dal/source/microbit-dal.a(LSM303Accelerometer.cpp.o)
                0x000000000001c500                LSM303Accelerometer::~LSM303Accelerometer()
                0x000000000001c500                LSM303Accelerometer::~LSM303Accelerometer()
 .text._ZN19LSM303Accelerometer13requestUpdateEv
                0x000000000001c518       0x94 ym/microbit-dal/source/microbit-dal.a(LSM303Accelerometer.cpp.o)
                0x000000000001c518                LSM303Accelerometer::requestUpdate()
 .text._ZN19LSM303AccelerometerC2ER11MicroBitI2C11MicroBitPinR15CoordinateSpacett
                0x000000000001c5ac       0x5c ym/microbit-dal/source/microbit-dal.a(LSM303Accelerometer.cpp.o)
                0x000000000001c5ac                LSM303Accelerometer::LSM303Accelerometer(MicroBitI2C&, MicroBitPin, CoordinateSpace&, unsigned short, unsigned short)
                0x000000000001c5ac                LSM303Accelerometer::LSM303Accelerometer(MicroBitI2C&, MicroBitPin, CoordinateSpace&, unsigned short, unsigned short)
 .text._ZN18LSM303Magnetometer9configureEv
                0x000000000001c608       0x60 ym/microbit-dal/source/microbit-dal.a(LSM303Magnetometer.cpp.o)
                0x000000000001c608                LSM303Magnetometer::configure()
 .text._ZN18LSM303MagnetometerD2Ev
                0x000000000001c668       0x18 ym/microbit-dal/source/microbit-dal.a(LSM303Magnetometer.cpp.o)
                0x000000000001c668                LSM303Magnetometer::~LSM303Magnetometer()
                0x000000000001c668                LSM303Magnetometer::~LSM303Magnetometer()
 .text._ZN18LSM303Magnetometer13requestUpdateEv
                0x000000000001c680       0x70 ym/microbit-dal/source/microbit-dal.a(LSM303Magnetometer.cpp.o)
                0x000000000001c680                LSM303Magnetometer::requestUpdate()
 .text._ZN18LSM303MagnetometerC2ER11MicroBitI2C11MicroBitPinR15CoordinateSpacett
                0x000000000001c6f0       0x54 ym/microbit-dal/source/microbit-dal.a(LSM303Magnetometer.cpp.o)
                0x000000000001c6f0                LSM303Magnetometer::LSM303Magnetometer(MicroBitI2C&, MicroBitPin, CoordinateSpace&, unsigned short, unsigned short)
                0x000000000001c6f0                LSM303Magnetometer::LSM303Magnetometer(MicroBitI2C&, MicroBitPin, CoordinateSpace&, unsigned short, unsigned short)
 .text._ZN18MicroBitBLEManagerD2Ev
                0x000000000001c744       0x20 ym/microbit-dal/source/microbit-dal.a(MicroBitBLEManager.cpp.o)
                0x000000000001c744                MicroBitBLEManager::~MicroBitBLEManager()
                0x000000000001c744                MicroBitBLEManager::~MicroBitBLEManager()
 .text._ZL25bleSysAttrMissingCallbackPK32GattSysAttrMissingCallbackParams
                0x000000000001c764       0xc8 ym/microbit-dal/source/microbit-dal.a(MicroBitBLEManager.cpp.o)
 .text._ZN18MicroBitBLEManager8idleTickEv
                0x000000000001c82c      0x114 ym/microbit-dal/source/microbit-dal.a(MicroBitBLEManager.cpp.o)
                0x000000000001c82c                MicroBitBLEManager::idleTick()
 .text._ZN18GapAdvertisingData8addFieldENS_10DataType_tEPKhhPh
                0x000000000001c940       0xa8 ym/microbit-dal/source/microbit-dal.a(MicroBitBLEManager.cpp.o)
                0x000000000001c940                GapAdvertisingData::addField(GapAdvertisingData::DataType_t, unsigned char const*, unsigned char, unsigned char*)
 .text._ZN18GattCharacteristicC2ERK4UUIDPhtthPP13GattAttributejb
                0x000000000001c9e8       0x8c ym/microbit-dal/source/microbit-dal.a(MicroBitBLEManager.cpp.o)
                0x000000000001c9e8                GattCharacteristic::GattCharacteristic(UUID const&, unsigned char*, unsigned short, unsigned short, unsigned char, GattAttribute**, unsigned int, bool)
                0x000000000001c9e8                GattCharacteristic::GattCharacteristic(UUID const&, unsigned char*, unsigned short, unsigned short, unsigned char, GattAttribute**, unsigned int, bool)
 .text._ZN3BLE22setAdvertisingIntervalEt
                0x000000000001ca74       0x3c ym/microbit-dal/source/microbit-dal.a(MicroBitBLEManager.cpp.o)
                0x000000000001ca74                BLE::setAdvertisingInterval(unsigned short)
 .text._ZN24DeviceInformationServiceC2ER3BLEPKcS3_S3_S3_S3_S3_
                0x000000000001cab0      0x1dc ym/microbit-dal/source/microbit-dal.a(MicroBitBLEManager.cpp.o)
                0x000000000001cab0                DeviceInformationService::DeviceInformationService(BLE&, char const*, char const*, char const*, char const*, char const*, char const*)
                0x000000000001cab0                DeviceInformationService::DeviceInformationService(BLE&, char const*, char const*, char const*, char const*, char const*, char const*)
 .text._ZN18MicroBitBLEManagerC2ER15MicroBitStorage
                0x000000000001cc8c       0x3c ym/microbit-dal/source/microbit-dal.a(MicroBitBLEManager.cpp.o)
                0x000000000001cc8c                MicroBitBLEManager::MicroBitBLEManager(MicroBitStorage&)
                0x000000000001cc8c                MicroBitBLEManager::MicroBitBLEManager(MicroBitStorage&)
 .text._ZL24bleDisconnectionCallbackPKN3Gap29DisconnectionCallbackParams_tE
                0x000000000001ccc8       0x3c ym/microbit-dal/source/microbit-dal.a(MicroBitBLEManager.cpp.o)
 .text._ZN18MicroBitBLEManager16setTransmitPowerEi
                0x000000000001cd04       0x34 ym/microbit-dal/source/microbit-dal.a(MicroBitBLEManager.cpp.o)
                0x000000000001cd04                MicroBitBLEManager::setTransmitPower(int)
 .text._ZN18MicroBitBLEManager4initE13ManagedStringS0_R10EventModelb
                0x000000000001cd38      0x2d8 ym/microbit-dal/source/microbit-dal.a(MicroBitBLEManager.cpp.o)
                0x000000000001cd38                MicroBitBLEManager::init(ManagedString, ManagedString, EventModel&, bool)
 .text._ZL22passkeyDisplayCallbacktPKh
                0x000000000001d010       0x34 ym/microbit-dal/source/microbit-dal.a(MicroBitBLEManager.cpp.o)
 .text._ZL30securitySetupCompletedCallbacktN15SecurityManager26SecurityCompletionStatus_tE
                0x000000000001d044       0x40 ym/microbit-dal/source/microbit-dal.a(MicroBitBLEManager.cpp.o)
 .text._ZN18MicroBitBLEManager27showManagementModeAnimationER15MicroBitDisplay
                0x000000000001d084       0xa8 ym/microbit-dal/source/microbit-dal.a(MicroBitBLEManager.cpp.o)
                0x000000000001d084                MicroBitBLEManager::showManagementModeAnimation(MicroBitDisplay&)
 .text._ZN18MicroBitBLEManager11pairingModeER15MicroBitDisplayR14MicroBitButton
                0x000000000001d12c      0x298 ym/microbit-dal/source/microbit-dal.a(MicroBitBLEManager.cpp.o)
                0x000000000001d12c                MicroBitBLEManager::pairingMode(MicroBitDisplay&, MicroBitButton&)
 .text._ZN18MicroBitDFUServiceC2ER3BLE
                0x000000000001d3c4      0x180 ym/microbit-dal/source/microbit-dal.a(MicroBitDFUService.cpp.o)
                0x000000000001d3c4                MicroBitDFUService::MicroBitDFUService(BLE&)
                0x000000000001d3c4                MicroBitDFUService::MicroBitDFUService(BLE&)
 .text._ZN20MicroBitEventServiceC2ER3BLER10EventModel
                0x000000000001d544      0x1f8 ym/microbit-dal/source/microbit-dal.a(MicroBitEventService.cpp.o)
                0x000000000001d544                MicroBitEventService::MicroBitEventService(BLE&, EventModel&)
                0x000000000001d544                MicroBitEventService::MicroBitEventService(BLE&, EventModel&)
 .text._ZN16MicroBitListenerC2I20MicroBitEventServiceEEttPT_MS2_Fv13MicroBitEventEt
                0x000000000001d73c       0x68 ym/microbit-dal/source/microbit-dal.a(MicroBitEventService.cpp.o)
                0x000000000001d73c                MicroBitListener::MicroBitListener<MicroBitEventService>(unsigned short, unsigned short, MicroBitEventService*, void (MicroBitEventService::*)(MicroBitEvent), unsigned short)
                0x000000000001d73c                MicroBitListener::MicroBitListener<MicroBitEventService>(unsigned short, unsigned short, MicroBitEventService*, void (MicroBitEventService::*)(MicroBitEvent), unsigned short)
 .text._ZN20MicroBitEventService13onDataWrittenEPK23GattWriteCallbackParams
                0x000000000001d7a4       0xa0 ym/microbit-dal/source/microbit-dal.a(MicroBitEventService.cpp.o)
                0x000000000001d7a4                MicroBitEventService::onDataWritten(GattWriteCallbackParams const*)
 .text._ZN20MicroBitEventService8idleTickEv
                0x000000000001d844       0x50 ym/microbit-dal/source/microbit-dal.a(MicroBitEventService.cpp.o)
                0x000000000001d844                MicroBitEventService::idleTick()
 .text          0x000000000001d894      0x124 ym/microbit-dal/source/microbit-dal.a(CortexContextSwitch.s.obj)
                0x000000000001d894                swap_context
                0x000000000001d916                save_context
                0x000000000001d95a                save_register_context
                0x000000000001d98a                restore_register_context
 .text._Z14string_reversePc
                0x000000000001d9b8       0x2c ym/microbit-dal/source/microbit-dal.a(MicroBitCompat.cpp.o)
                0x000000000001d9b8                string_reverse(char*)
 .text._Z4itoaiPc
                0x000000000001d9e4       0x68 ym/microbit-dal/source/microbit-dal.a(MicroBitCompat.cpp.o)
                0x000000000001d9e4                itoa(int, char*)
 .text._ZNK13KeyValueTable4findEm
                0x000000000001da4c       0x28 ym/microbit-dal/source/microbit-dal.a(MicroBitUtil.cpp.o)
                0x000000000001da4c                KeyValueTable::find(unsigned long) const
 .text._ZN3BLE8InstanceEj
                0x000000000001da74       0x5c ym/ble/source/ble.a(BLE.cpp.o)
                0x000000000001da74                BLE::Instance(unsigned int)
 .text._ZN3BLEC2Ej
                0x000000000001dad0       0x2c ym/ble/source/ble.a(BLE.cpp.o)
                0x000000000001dad0                BLE::BLE(unsigned int)
                0x000000000001dad0                BLE::BLE(unsigned int)
 .text._ZNK3BLE3gapEv
                0x000000000001dafc       0x20 ym/ble/source/ble.a(BLE.cpp.o)
                0x000000000001dafc                BLE::gap() const
 .text._ZNK3BLE10gattServerEv
                0x000000000001db1c       0x20 ym/ble/source/ble.a(BLE.cpp.o)
                0x000000000001db1c                BLE::gattServer() const
 .text._ZNK3BLE15securityManagerEv
                0x000000000001db3c       0x20 ym/ble/source/ble.a(BLE.cpp.o)
                0x000000000001db3c                BLE::securityManager() const
 .text._ZNK3Gap25getMaxAdvertisingIntervalEv
                0x000000000001db5c        0x8 ym/ble-nrf51822/source/ble-nrf51822.a(nRF5xn.cpp.o)
                0x000000000001db5c                Gap::getMaxAdvertisingInterval() const
 .text._ZN10GattClient16discoverServicesEt26FunctionPointerWithContextIPK17DiscoveredServiceERK4UUID
                0x000000000001db64       0x60 ym/ble-nrf51822/source/ble-nrf51822.a(nRF5xn.cpp.o)
                0x000000000001db64                GattClient::discoverServices(unsigned short, FunctionPointerWithContext<DiscoveredService const*>, UUID const&)
 .text._ZNK6nRF5xn18getSecurityManagerEv
                0x000000000001dbc4       0x34 ym/ble-nrf51822/source/ble-nrf51822.a(nRF5xn.cpp.o)
                0x000000000001dbc4                nRF5xn::getSecurityManager() const
 .text._ZN6nRF5xn13getGattClientEv
                0x000000000001dbf8       0x48 ym/ble-nrf51822/source/ble-nrf51822.a(nRF5xn.cpp.o)
                0x000000000001dbf8                nRF5xn::getGattClient()
 .text._ZN6nRF5xn10getVersionEv
                0x000000000001dc40       0x74 ym/ble-nrf51822/source/ble-nrf51822.a(nRF5xn.cpp.o)
                0x000000000001dc40                nRF5xn::getVersion()
 .text._ZN38CallChainOfFunctionPointersWithContextIPK23GattWriteCallbackParamsED2Ev
                0x000000000001dcb4       0x14 ym/ble-nrf51822/source/ble-nrf51822.a(nRF5xn.cpp.o)
                0x000000000001dcb4                CallChainOfFunctionPointersWithContext<GattWriteCallbackParams const*>::~CallChainOfFunctionPointersWithContext()
                0x000000000001dcb4                CallChainOfFunctionPointersWithContext<GattWriteCallbackParams const*>::~CallChainOfFunctionPointersWithContext()
 .text._ZN38CallChainOfFunctionPointersWithContextIPK22GattReadCallbackParamsED2Ev
                0x000000000001dcc8       0x14 ym/ble-nrf51822/source/ble-nrf51822.a(nRF5xn.cpp.o)
                0x000000000001dcc8                CallChainOfFunctionPointersWithContext<GattReadCallbackParams const*>::~CallChainOfFunctionPointersWithContext()
                0x000000000001dcc8                CallChainOfFunctionPointersWithContext<GattReadCallbackParams const*>::~CallChainOfFunctionPointersWithContext()
 .text._ZN38CallChainOfFunctionPointersWithContextIjED2Ev
                0x000000000001dcdc       0x20 ym/ble-nrf51822/source/ble-nrf51822.a(nRF5xn.cpp.o)
                0x000000000001dcdc                CallChainOfFunctionPointersWithContext<unsigned int>::~CallChainOfFunctionPointersWithContext()
                0x000000000001dcdc                CallChainOfFunctionPointersWithContext<unsigned int>::~CallChainOfFunctionPointersWithContext()
 .text._ZN38CallChainOfFunctionPointersWithContextIPK32GattSysAttrMissingCallbackParamsED2Ev
                0x000000000001dcfc       0x20 ym/ble-nrf51822/source/ble-nrf51822.a(nRF5xn.cpp.o)
                0x000000000001dcfc                CallChainOfFunctionPointersWithContext<GattSysAttrMissingCallbackParams const*>::~CallChainOfFunctionPointersWithContext()
                0x000000000001dcfc                CallChainOfFunctionPointersWithContext<GattSysAttrMissingCallbackParams const*>::~CallChainOfFunctionPointersWithContext()
 .text._ZN38CallChainOfFunctionPointersWithContextIPK10GattServerED2Ev
                0x000000000001dd1c       0x20 ym/ble-nrf51822/source/ble-nrf51822.a(nRF5xn.cpp.o)
                0x000000000001dd1c                CallChainOfFunctionPointersWithContext<GattServer const*>::~CallChainOfFunctionPointersWithContext()
                0x000000000001dd1c                CallChainOfFunctionPointersWithContext<GattServer const*>::~CallChainOfFunctionPointersWithContext()
 .text._ZN38CallChainOfFunctionPointersWithContextIPK21GattHVXCallbackParamsED2Ev
                0x000000000001dd3c       0x20 ym/ble-nrf51822/source/ble-nrf51822.a(nRF5xn.cpp.o)
                0x000000000001dd3c                CallChainOfFunctionPointersWithContext<GattHVXCallbackParams const*>::~CallChainOfFunctionPointersWithContext()
                0x000000000001dd3c                CallChainOfFunctionPointersWithContext<GattHVXCallbackParams const*>::~CallChainOfFunctionPointersWithContext()
 .text._ZN38CallChainOfFunctionPointersWithContextIPK10GattClientED2Ev
                0x000000000001dd5c       0x20 ym/ble-nrf51822/source/ble-nrf51822.a(nRF5xn.cpp.o)
                0x000000000001dd5c                CallChainOfFunctionPointersWithContext<GattClient const*>::~CallChainOfFunctionPointersWithContext()
                0x000000000001dd5c                CallChainOfFunctionPointersWithContext<GattClient const*>::~CallChainOfFunctionPointersWithContext()
 .text._ZN38CallChainOfFunctionPointersWithContextIN3Gap15TimeoutSource_tEED2Ev
                0x000000000001dd7c       0x20 ym/ble-nrf51822/source/ble-nrf51822.a(nRF5xn.cpp.o)
                0x000000000001dd7c                CallChainOfFunctionPointersWithContext<Gap::TimeoutSource_t>::~CallChainOfFunctionPointersWithContext()
                0x000000000001dd7c                CallChainOfFunctionPointersWithContext<Gap::TimeoutSource_t>::~CallChainOfFunctionPointersWithContext()
 .text._ZN38CallChainOfFunctionPointersWithContextIPKN3Gap26ConnectionCallbackParams_tEED2Ev
                0x000000000001dd9c       0x20 ym/ble-nrf51822/source/ble-nrf51822.a(nRF5xn.cpp.o)
                0x000000000001dd9c                CallChainOfFunctionPointersWithContext<Gap::ConnectionCallbackParams_t const*>::~CallChainOfFunctionPointersWithContext()
                0x000000000001dd9c                CallChainOfFunctionPointersWithContext<Gap::ConnectionCallbackParams_t const*>::~CallChainOfFunctionPointersWithContext()
 .text._ZN38CallChainOfFunctionPointersWithContextIPKN3Gap29DisconnectionCallbackParams_tEED2Ev
                0x000000000001ddbc       0x20 ym/ble-nrf51822/source/ble-nrf51822.a(nRF5xn.cpp.o)
                0x000000000001ddbc                CallChainOfFunctionPointersWithContext<Gap::DisconnectionCallbackParams_t const*>::~CallChainOfFunctionPointersWithContext()
                0x000000000001ddbc                CallChainOfFunctionPointersWithContext<Gap::DisconnectionCallbackParams_t const*>::~CallChainOfFunctionPointersWithContext()
 .text._ZN38CallChainOfFunctionPointersWithContextIPK3GapED2Ev
                0x000000000001dddc       0x20 ym/ble-nrf51822/source/ble-nrf51822.a(nRF5xn.cpp.o)
                0x000000000001dddc                CallChainOfFunctionPointersWithContext<Gap const*>::~CallChainOfFunctionPointersWithContext()
                0x000000000001dddc                CallChainOfFunctionPointersWithContext<Gap const*>::~CallChainOfFunctionPointersWithContext()
 .text._ZN38CallChainOfFunctionPointersWithContextIPK15SecurityManagerED2Ev
                0x000000000001ddfc       0x20 ym/ble-nrf51822/source/ble-nrf51822.a(nRF5xn.cpp.o)
                0x000000000001ddfc                CallChainOfFunctionPointersWithContext<SecurityManager const*>::~CallChainOfFunctionPointersWithContext()
                0x000000000001ddfc                CallChainOfFunctionPointersWithContext<SecurityManager const*>::~CallChainOfFunctionPointersWithContext()
 .text._ZN6nRF5xn18getSecurityManagerEv
                0x000000000001de1c       0x34 ym/ble-nrf51822/source/ble-nrf51822.a(nRF5xn.cpp.o)
                0x000000000001de1c                nRF5xn::getSecurityManager()
 .text._ZN6nRF5xnD2Ev
                0x000000000001de50       0x54 ym/ble-nrf51822/source/ble-nrf51822.a(nRF5xn.cpp.o)
                0x000000000001de50                nRF5xn::~nRF5xn()
                0x000000000001de50                nRF5xn::~nRF5xn()
 .text._ZN3Gap5resetEv
                0x000000000001dea4       0xd0 ym/ble-nrf51822/source/ble-nrf51822.a(nRF5xn.cpp.o)
                0x000000000001dea4                Gap::reset()
 .text._ZN6nRF5xnC2Ev
                0x000000000001df74      0x13c ym/ble-nrf51822/source/ble-nrf51822.a(nRF5xn.cpp.o)
                0x000000000001df74                nRF5xn::nRF5xn()
                0x000000000001df74                nRF5xn::nRF5xn()
 .text._ZN6nRF5xn8InstanceEj
                0x000000000001e0b0       0x24 ym/ble-nrf51822/source/ble-nrf51822.a(nRF5xn.cpp.o)
                0x000000000001e0b0                nRF5xn::Instance(unsigned int)
 .text._ZN26FunctionPointerWithContextItEC2EPFvtE
                0x000000000001e0d4       0x20 ym/ble-nrf51822/source/ble-nrf51822.a(nRF5xn.cpp.o)
                0x000000000001e0d4                FunctionPointerWithContext<unsigned short>::FunctionPointerWithContext(void (*)(unsigned short))
                0x000000000001e0d4                FunctionPointerWithContext<unsigned short>::FunctionPointerWithContext(void (*)(unsigned short))
 .text._ZN15nRF5xGattServerC2Ev
                0x000000000001e0f4       0xc0 ym/ble-nrf51822/source/ble-nrf51822.a(nRF5xn.cpp.o)
                0x000000000001e0f4                nRF5xGattServer::nRF5xGattServer()
                0x000000000001e0f4                nRF5xGattServer::nRF5xGattServer()
 .text._ZL16sys_evt_dispatchm
                0x000000000001e1b4       0x1c ym/ble-nrf51822/source/ble-nrf51822.a(btle.cpp.o)
 .text._ZL12btle_handlerP9ble_evt_t
                0x000000000001e1d0      0x178 ym/ble-nrf51822/source/ble-nrf51822.a(btle.cpp.o)
 .text.btle_set_gatt_table_size
                0x000000000001e348       0x14 ym/ble-nrf51822/source/ble-nrf51822.a(btle.cpp.o)
                0x000000000001e348                btle_set_gatt_table_size
 .text.btle_set_user_evt_handler
                0x000000000001e35c        0xc ym/ble-nrf51822/source/ble-nrf51822.a(btle.cpp.o)
                0x000000000001e35c                btle_set_user_evt_handler
 .text.btle_init
                0x000000000001e368       0xa4 ym/ble-nrf51822/source/ble-nrf51822.a(btle.cpp.o)
                0x000000000001e368                btle_init
 .text.app_error_handler
                0x000000000001e40c       0x20 ym/ble-nrf51822/source/ble-nrf51822.a(btle.cpp.o)
                0x000000000001e40c                app_error_handler
 .text._ZN15nRF5xGattServer4readEtPhPt
                0x000000000001e42c       0x18 ym/ble-nrf51822/source/ble-nrf51822.a(nRF5xGattServer.cpp.o)
                0x000000000001e42c                nRF5xGattServer::read(unsigned short, unsigned char*, unsigned short*)
 .text._ZN15nRF5xGattServer5writeEtPKhtb
                0x000000000001e444       0x1c ym/ble-nrf51822/source/ble-nrf51822.a(nRF5xGattServer.cpp.o)
                0x000000000001e444                nRF5xGattServer::write(unsigned short, unsigned char const*, unsigned short, bool)
 .text._ZN15nRF5xGattServer5writeEttPKhtb
                0x000000000001e460       0xf0 ym/ble-nrf51822/source/ble-nrf51822.a(nRF5xGattServer.cpp.o)
                0x000000000001e460                nRF5xGattServer::write(unsigned short, unsigned short, unsigned char const*, unsigned short, bool)
 .text._ZN15nRF5xGattServer10addServiceER11GattService
                0x000000000001e550      0x1dc ym/ble-nrf51822/source/ble-nrf51822.a(nRF5xGattServer.cpp.o)
                0x000000000001e550                nRF5xGattServer::addService(GattService&)
 .text._ZN15nRF5xGattServer5resetEv
                0x000000000001e72c       0x50 ym/ble-nrf51822/source/ble-nrf51822.a(nRF5xGattServer.cpp.o)
                0x000000000001e72c                nRF5xGattServer::reset()
 .text._ZL10dm_handlerPK13device_handlePK10dm_event_tm
                0x000000000001e77c       0xa4 ym/ble-nrf51822/source/ble-nrf51822.a(btle_security.cpp.o)
 .text._Z27btle_hasInitializedSecurityv
                0x000000000001e820        0xc ym/ble-nrf51822/source/ble-nrf51822.a(btle_security.cpp.o)
                0x000000000001e820                btle_hasInitializedSecurity()
 .text._Z23btle_initializeSecuritybbN15SecurityManager24SecurityIOCapabilities_tEPKh
                0x000000000001e82c       0xd8 ym/ble-nrf51822/source/ble-nrf51822.a(btle_security.cpp.o)
                0x000000000001e82c                btle_initializeSecurity(bool, bool, SecurityManager::SecurityIOCapabilities_t, unsigned char const*)
 .text._Z25btle_purgeAllBondingStatev
                0x000000000001e904       0x24 ym/ble-nrf51822/source/ble-nrf51822.a(btle_security.cpp.o)
                0x000000000001e904                btle_purgeAllBondingState()
 .text._Z20btle_getLinkSecuritytPN15SecurityManager20LinkSecurityStatus_tE
                0x000000000001e928       0x48 ym/ble-nrf51822/source/ble-nrf51822.a(btle_security.cpp.o)
                0x000000000001e928                btle_getLinkSecurity(unsigned short, SecurityManager::LinkSecurityStatus_t*)
 .text._Z20btle_setLinkSecuritytN15SecurityManager14SecurityMode_tE
                0x000000000001e970       0x4c ym/ble-nrf51822/source/ble-nrf51822.a(btle_security.cpp.o)
                0x000000000001e970                btle_setLinkSecurity(unsigned short, SecurityManager::SecurityMode_t)
 .text._Z33btle_createWhitelistFromBondTableP19ble_gap_whitelist_t
                0x000000000001e9bc       0x30 ym/ble-nrf51822/source/ble-nrf51822.a(btle_security.cpp.o)
                0x000000000001e9bc                btle_createWhitelistFromBondTable(ble_gap_whitelist_t*)
 .text._Z13btle_gap_initv
                0x000000000001e9ec       0x54 ym/ble-nrf51822/source/ble-nrf51822.a(btle_gap.cpp.o)
                0x000000000001e9ec                btle_gap_init()
 .text._ZN8nRF5xGap25getPermittedTxPowerValuesEPPKaPj
                0x000000000001ea40       0x10 ym/ble-nrf51822/source/ble-nrf51822.a(nRF5xGap.cpp.o)
                0x000000000001ea40                nRF5xGap::getPermittedTxPowerValues(signed char const**, unsigned int*)
 .text._Z31radioNotificationStaticCallbackb
                0x000000000001ea50       0x3c ym/ble-nrf51822/source/ble-nrf51822.a(nRF5xGap.cpp.o)
                0x000000000001ea50                radioNotificationStaticCallback(bool)
 .text._ZN8nRF5xGap21initRadioNotificationEv
                0x000000000001ea8c       0x1c ym/ble-nrf51822/source/ble-nrf51822.a(nRF5xGap.cpp.o)
                0x000000000001ea8c                nRF5xGap::initRadioNotification()
 .text._ZN8nRF5xGap22generateStackWhitelistER19ble_gap_whitelist_t
                0x000000000001eaa8       0xe0 ym/ble-nrf51822/source/ble-nrf51822.a(nRF5xGap.cpp.o)
                0x000000000001eaa8                nRF5xGap::generateStackWhitelist(ble_gap_whitelist_t&)
 .text._ZN8nRF5xGap16startAdvertisingERK20GapAdvertisingParams
                0x000000000001eb88       0xac ym/ble-nrf51822/source/ble-nrf51822.a(nRF5xGap.cpp.o)
                0x000000000001eb88                nRF5xGap::startAdvertising(GapAdvertisingParams const&)
 .text._ZN8nRF5xGap7connectEPKhN11BLEProtocol11AddressType4TypeEPKN3Gap18ConnectionParams_tEPK17GapScanningParams
                0x000000000001ec34       0xec ym/ble-nrf51822/source/ble-nrf51822.a(nRF5xGap.cpp.o)
                0x000000000001ec34                nRF5xGap::connect(unsigned char const*, BLEProtocol::AddressType::Type, Gap::ConnectionParams_t const*, GapScanningParams const*)
 .text.custom_convert_to_nordic_uuid
                0x000000000001ed20       0xa0 ym/ble-nrf51822/source/ble-nrf51822.a(custom_helper.cpp.o)
                0x000000000001ed20                custom_convert_to_nordic_uuid
 .text.custom_add_in_descriptor
                0x000000000001edc0       0x68 ym/ble-nrf51822/source/ble-nrf51822.a(custom_helper.cpp.o)
                0x000000000001edc0                custom_add_in_descriptor
 .text._ZN17GapScanningParamsC2Etttb
                0x000000000001ee28       0x64 ym/ble/source/ble.a(GapScanningParams.cpp.o)
                0x000000000001ee28                GapScanningParams::GapScanningParams(unsigned short, unsigned short, unsigned short, bool)
                0x000000000001ee28                GapScanningParams::GapScanningParams(unsigned short, unsigned short, unsigned short, bool)
 .text.SWI1_IRQHandler
                0x000000000001ee8c       0x20 ym/nrf51-sdk/source/nrf51-sdk.a(ble_radio_notification.c.o)
                0x000000000001ee8c                SWI1_IRQHandler
 .text.ble_radio_notification_init
                0x000000000001eeac       0x38 ym/nrf51-sdk/source/nrf51-sdk.a(ble_radio_notification.c.o)
                0x000000000001eeac                ble_radio_notification_init
 .text.gatts_context_store
                0x000000000001eee4       0xb4 ym/nrf51-sdk/source/nrf51-sdk.a(device_manager_peripheral.c.o)
 .text.device_context_store
                0x000000000001ef98       0xb0 ym/nrf51-sdk/source/nrf51-sdk.a(device_manager_peripheral.c.o)
 .text.gatts_context_apply
                0x000000000001f048       0xc0 ym/nrf51-sdk/source/nrf51-sdk.a(device_manager_peripheral.c.o)
 .text.gatts_context_load
                0x000000000001f108       0x34 ym/nrf51-sdk/source/nrf51-sdk.a(device_manager_peripheral.c.o)
 .text.peer_instance_init
                0x000000000001f13c       0x48 ym/nrf51-sdk/source/nrf51-sdk.a(device_manager_peripheral.c.o)
 .text.device_instance_free
                0x000000000001f184       0x2c ym/nrf51-sdk/source/nrf51-sdk.a(device_manager_peripheral.c.o)
 .text.dm_pstorage_cb_handler
                0x000000000001f1b0      0x124 ym/nrf51-sdk/source/nrf51-sdk.a(device_manager_peripheral.c.o)
 .text.dm_init  0x000000000001f2d4       0xd4 ym/nrf51-sdk/source/nrf51-sdk.a(device_manager_peripheral.c.o)
                0x000000000001f2d4                dm_init
 .text.dm_register
                0x000000000001f3a8       0x74 ym/nrf51-sdk/source/nrf51-sdk.a(device_manager_peripheral.c.o)
                0x000000000001f3a8                dm_register
 .text.dm_security_status_req
                0x000000000001f41c       0x70 ym/nrf51-sdk/source/nrf51-sdk.a(device_manager_peripheral.c.o)
                0x000000000001f41c                dm_security_status_req
 .text.dm_whitelist_create
                0x000000000001f48c       0xcc ym/nrf51-sdk/source/nrf51-sdk.a(device_manager_peripheral.c.o)
                0x000000000001f48c                dm_whitelist_create
 .text.dm_device_delete_all
                0x000000000001f558       0x58 ym/nrf51-sdk/source/nrf51-sdk.a(device_manager_peripheral.c.o)
                0x000000000001f558                dm_device_delete_all
 .text.dm_application_context_set
                0x000000000001f5b0        0x8 ym/nrf51-sdk/source/nrf51-sdk.a(device_manager_peripheral.c.o)
                0x000000000001f5b0                dm_application_context_set
 .text.dm_peer_addr_get
                0x000000000001f5b8       0x84 ym/nrf51-sdk/source/nrf51-sdk.a(device_manager_peripheral.c.o)
                0x000000000001f5b8                dm_peer_addr_get
 .text.dm_distributed_keys_get
                0x000000000001f63c       0xb0 ym/nrf51-sdk/source/nrf51-sdk.a(device_manager_peripheral.c.o)
                0x000000000001f63c                dm_distributed_keys_get
 .text.bond_data_load
                0x000000000001f6ec       0x48 ym/nrf51-sdk/source/nrf51-sdk.a(device_manager_peripheral.c.o)
                0x000000000001f6ec                bond_data_load
 .text.address_to_device_id
                0x000000000001f734       0x2c ym/nrf51-sdk/source/nrf51-sdk.a(device_manager_peripheral.c.o)
                0x000000000001f734                address_to_device_id
 .text.dm_ble_evt_handler
                0x000000000001f760      0x380 ym/nrf51-sdk/source/nrf51-sdk.a(device_manager_peripheral.c.o)
                0x000000000001f760                dm_ble_evt_handler
 .text.dm_handle_get
                0x000000000001fae0       0x48 ym/nrf51-sdk/source/nrf51-sdk.a(device_manager_peripheral.c.o)
                0x000000000001fae0                dm_handle_get
 .text.intern_softdevice_events_execute
                0x000000000001fb28       0xac ym/nrf51-sdk/source/nrf51-sdk.a(softdevice_handler.c.o)
                0x000000000001fb28                intern_softdevice_events_execute
 .text.softdevice_handler_init
                0x000000000001fbd4       0x48 ym/nrf51-sdk/source/nrf51-sdk.a(softdevice_handler.c.o)
                0x000000000001fbd4                softdevice_handler_init
 .text.softdevice_handler_sd_disable
                0x000000000001fc1c       0x18 ym/nrf51-sdk/source/nrf51-sdk.a(softdevice_handler.c.o)
                0x000000000001fc1c                softdevice_handler_sd_disable
 .text.softdevice_ble_evt_handler_set
                0x000000000001fc34       0x14 ym/nrf51-sdk/source/nrf51-sdk.a(softdevice_handler.c.o)
                0x000000000001fc34                softdevice_ble_evt_handler_set
 .text.softdevice_sys_evt_handler_set
                0x000000000001fc48       0x14 ym/nrf51-sdk/source/nrf51-sdk.a(softdevice_handler.c.o)
                0x000000000001fc48                softdevice_sys_evt_handler_set
 .text.SWI2_IRQHandler
                0x000000000001fc5c       0x24 ym/nrf51-sdk/source/nrf51-sdk.a(softdevice_handler.c.o)
                0x000000000001fc5c                SWI2_IRQHandler
 .text.dfu_app_on_dfu_evt
                0x000000000001fc80      0x16c ym/nrf51-sdk/source/nrf51-sdk.a(dfu_app_handler.c.o)
                0x000000000001fc80                dfu_app_on_dfu_evt
 .text.pstorage_flash_page_end
                0x000000000001fdec       0x20 ym/nrf51-sdk/source/nrf51-sdk.a(pstorage.c.o)
 .text.swap_sub_state_entry_action_run
                0x000000000001fe0c       0x18 ym/nrf51-sdk/source/nrf51-sdk.a(pstorage.c.o)
 .text.app_notify
                0x000000000001fe24       0x2c ym/nrf51-sdk/source/nrf51-sdk.a(pstorage.c.o)
 .text.is_page_erase_required
                0x000000000001fe50       0x50 ym/nrf51-sdk/source/nrf51-sdk.a(pstorage.c.o)
 .text.swap_sub_state_err_busy_process
                0x000000000001fea0       0x18 ym/nrf51-sdk/source/nrf51-sdk.a(pstorage.c.o)
 .text.data_to_swap_write_state_run
                0x000000000001feb8       0x30 ym/nrf51-sdk/source/nrf51-sdk.a(pstorage.c.o)
 .text.swap_erase_state_run
                0x000000000001fee8       0x24 ym/nrf51-sdk/source/nrf51-sdk.a(pstorage.c.o)
 .text.flash_api_err_code_process
                0x000000000001ff0c       0x40 ym/nrf51-sdk/source/nrf51-sdk.a(pstorage.c.o)
 .text.store_cmd_flash_write_execute
                0x000000000001ff4c       0x54 ym/nrf51-sdk/source/nrf51-sdk.a(pstorage.c.o)
 .text.state_restore_head_entry_run
                0x000000000001ffa0       0x34 ym/nrf51-sdk/source/nrf51-sdk.a(pstorage.c.o)
 .text.state_restore_tail_entry_run
                0x000000000001ffd4       0x48 ym/nrf51-sdk/source/nrf51-sdk.a(pstorage.c.o)
 .text.state_write_data_swap_entry_run
                0x000000000002001c       0x2c ym/nrf51-sdk/source/nrf51-sdk.a(pstorage.c.o)
 .text.state_data_erase_entry_run
                0x0000000000020048       0x14 ym/nrf51-sdk/source/nrf51-sdk.a(pstorage.c.o)
 .text.state_entry_action_run
                0x000000000002005c       0xd0 ym/nrf51-sdk/source/nrf51-sdk.a(pstorage.c.o)
 .text.clear_operation_execute
                0x000000000002012c      0x144 ym/nrf51-sdk/source/nrf51-sdk.a(pstorage.c.o)
 .text.cmd_process
                0x0000000000020270       0x44 ym/nrf51-sdk/source/nrf51-sdk.a(pstorage.c.o)
 .text.cmd_queue_enqueue
                0x00000000000202b4       0x54 ym/nrf51-sdk/source/nrf51-sdk.a(pstorage.c.o)
 .text.command_end_procedure_run
                0x0000000000020308       0x54 ym/nrf51-sdk/source/nrf51-sdk.a(pstorage.c.o)
 .text.clear_post_processing_run
                0x000000000002035c       0x2c ym/nrf51-sdk/source/nrf51-sdk.a(pstorage.c.o)
 .text.head_restore_state_run
                0x0000000000020388       0x98 ym/nrf51-sdk/source/nrf51-sdk.a(pstorage.c.o)
 .text.tail_restore_state_run
                0x0000000000020420       0x1c ym/nrf51-sdk/source/nrf51-sdk.a(pstorage.c.o)
 .text.data_page_erase_state_run
                0x000000000002043c       0x74 ym/nrf51-sdk/source/nrf51-sdk.a(pstorage.c.o)
 .text.flash_operation_success_run
                0x00000000000204b0       0x98 ym/nrf51-sdk/source/nrf51-sdk.a(pstorage.c.o)
 .text.pstorage_sys_event_handler
                0x0000000000020548       0x68 ym/nrf51-sdk/source/nrf51-sdk.a(pstorage.c.o)
                0x0000000000020548                pstorage_sys_event_handler
 .text.pstorage_init
                0x00000000000205b0       0x80 ym/nrf51-sdk/source/nrf51-sdk.a(pstorage.c.o)
                0x00000000000205b0                pstorage_init
 .text.pstorage_register
                0x0000000000020630       0xbc ym/nrf51-sdk/source/nrf51-sdk.a(pstorage.c.o)
                0x0000000000020630                pstorage_register
 .text.pstorage_block_identifier_get
                0x00000000000206ec       0x4c ym/nrf51-sdk/source/nrf51-sdk.a(pstorage.c.o)
                0x00000000000206ec                pstorage_block_identifier_get
 .text.pstorage_store
                0x0000000000020738       0x78 ym/nrf51-sdk/source/nrf51-sdk.a(pstorage.c.o)
                0x0000000000020738                pstorage_store
 .text.pstorage_update
                0x00000000000207b0       0x78 ym/nrf51-sdk/source/nrf51-sdk.a(pstorage.c.o)
                0x00000000000207b0                pstorage_update
 .text.pstorage_load
                0x0000000000020828       0x98 ym/nrf51-sdk/source/nrf51-sdk.a(pstorage.c.o)
                0x0000000000020828                pstorage_load
 .text.pstorage_clear
                0x00000000000208c0       0x84 ym/nrf51-sdk/source/nrf51-sdk.a(pstorage.c.o)
                0x00000000000208c0                pstorage_clear
 .text.bootloader_util_app_start
                0x0000000000020944       0x3c ym/nrf51-sdk/source/nrf51-sdk.a(bootloader_util.c.o)
                0x0000000000020944                bootloader_util_app_start
 .text.ble_dfu_response_send
                0x0000000000020980       0x64 ym/nrf51-sdk/source/nrf51-sdk.a(ble_dfu.c.o)
                0x0000000000020980                ble_dfu_response_send
 .text._ZN4mbed11InterruptInD2Ev
                0x00000000000209e4       0x18 ym/mbed-classic/existing/mbed-classic.a(InterruptIn.cpp.o)
                0x00000000000209e4                mbed::InterruptIn::~InterruptIn()
                0x00000000000209e4                mbed::InterruptIn::~InterruptIn()
 .text._ZN4mbed11InterruptInC2E7PinName
                0x00000000000209fc       0x48 ym/mbed-classic/existing/mbed-classic.a(InterruptIn.cpp.o)
                0x00000000000209fc                mbed::InterruptIn::InterruptIn(PinName)
                0x00000000000209fc                mbed::InterruptIn::InterruptIn(PinName)
 .text._ZN4mbed10TimerEventC2Ev
                0x0000000000020a44       0x2c ym/mbed-classic/existing/mbed-classic.a(TimerEvent.cpp.o)
                0x0000000000020a44                mbed::TimerEvent::TimerEvent()
                0x0000000000020a44                mbed::TimerEvent::TimerEvent()
 .text._ZN4mbed10TimerEventD2Ev
                0x0000000000020a70       0x18 ym/mbed-classic/existing/mbed-classic.a(TimerEvent.cpp.o)
                0x0000000000020a70                mbed::TimerEvent::~TimerEvent()
                0x0000000000020a70                mbed::TimerEvent::~TimerEvent()
 .text._ZN4mbed3I2CC2E7PinNameS1_
                0x0000000000020a88       0x30 ym/mbed-classic/existing/mbed-classic.a(I2C.cpp.o)
                0x0000000000020a88                mbed::I2C::I2C(PinName, PinName)
                0x0000000000020a88                mbed::I2C::I2C(PinName, PinName)
 .text._ZN4mbed3I2C6aquireEv
                0x0000000000020ab8       0x1c ym/mbed-classic/existing/mbed-classic.a(I2C.cpp.o)
                0x0000000000020ab8                mbed::I2C::aquire()
 .text._ZN4mbed9RawSerialC2E7PinNameS1_
                0x0000000000020ad4       0x14 ym/mbed-classic/existing/mbed-classic.a(RawSerial.cpp.o)
                0x0000000000020ad4                mbed::RawSerial::RawSerial(PinName, PinName)
                0x0000000000020ad4                mbed::RawSerial::RawSerial(PinName, PinName)
 .text._ZN4mbed10SerialBaseC2E7PinNameS1_
                0x0000000000020ae8       0x3c ym/mbed-classic/existing/mbed-classic.a(SerialBase.cpp.o)
                0x0000000000020ae8                mbed::SerialBase::SerialBase(PinName, PinName)
                0x0000000000020ae8                mbed::SerialBase::SerialBase(PinName, PinName)
 .text._ZN4mbed7TimeoutD2Ev
                0x0000000000020b24       0x1c ym/mbed-classic/existing/mbed-classic.a(Timeout.cpp.o)
                0x0000000000020b24                mbed::Timeout::~Timeout()
                0x0000000000020b24                mbed::Timeout::~Timeout()
 .text.get_us_ticker_data
                0x0000000000020b40        0x8 ym/mbed-classic/existing/mbed-classic.a(us_ticker_api.c.o)
                0x0000000000020b40                get_us_ticker_data
 .text.us_ticker_irq_handler
                0x0000000000020b48       0x10 ym/mbed-classic/existing/mbed-classic.a(us_ticker_api.c.o)
                0x0000000000020b48                us_ticker_irq_handler
 .text.gpio_init
                0x0000000000020b58       0x30 ym/mbed-classic/existing/mbed-classic.a(gpio_api.c.o)
                0x0000000000020b58                gpio_init
 .text.tmr1_getCounter64
                0x0000000000020b88       0x50 ym/mbed-classic/existing/mbed-classic.a(us_ticker.c.o)
 .text.TIMER1_IRQHandler
                0x0000000000020bd8       0x50 ym/mbed-classic/existing/mbed-classic.a(us_ticker.c.o)
                0x0000000000020bd8                TIMER1_IRQHandler
 .text.us_ticker_init
                0x0000000000020c28       0x8c ym/mbed-classic/existing/mbed-classic.a(us_ticker.c.o)
                0x0000000000020c28                us_ticker_init
 .text.us_ticker_read
                0x0000000000020cb4       0x18 ym/mbed-classic/existing/mbed-classic.a(us_ticker.c.o)
                0x0000000000020cb4                us_ticker_read
 .text.us_ticker_set_interrupt
                0x0000000000020ccc       0x54 ym/mbed-classic/existing/mbed-classic.a(us_ticker.c.o)
                0x0000000000020ccc                us_ticker_set_interrupt
 .text.i2c_do_write
                0x0000000000020d20       0x28 ym/mbed-classic/existing/mbed-classic.a(i2c_api.c.o)
                0x0000000000020d20                i2c_do_write
 .text.i2c_do_read
                0x0000000000020d48       0x3c ym/mbed-classic/existing/mbed-classic.a(i2c_api.c.o)
                0x0000000000020d48                i2c_do_read
 .text.i2c_frequency
                0x0000000000020d84       0x48 ym/mbed-classic/existing/mbed-classic.a(i2c_api.c.o)
                0x0000000000020d84                i2c_frequency
 .text.twi_master_init
                0x0000000000020dcc       0x44 ym/mbed-classic/existing/mbed-classic.a(i2c_api.c.o)
                0x0000000000020dcc                twi_master_init
 .text.i2c_init
                0x0000000000020e10       0xc4 ym/mbed-classic/existing/mbed-classic.a(i2c_api.c.o)
                0x0000000000020e10                i2c_init
 .text.i2c_reset
                0x0000000000020ed4       0x30 ym/mbed-classic/existing/mbed-classic.a(i2c_api.c.o)
                0x0000000000020ed4                i2c_reset
 .text.i2c_stop
                0x0000000000020f04       0x34 ym/mbed-classic/existing/mbed-classic.a(i2c_api.c.o)
                0x0000000000020f04                i2c_stop
 .text.checkError
                0x0000000000020f38       0x28 ym/mbed-classic/existing/mbed-classic.a(i2c_api.c.o)
                0x0000000000020f38                checkError
 .text.serial_baud.part.0
                0x0000000000020f60       0x38 ym/mbed-classic/existing/mbed-classic.a(serial_api.c.o)
 .text.serial_init
                0x0000000000020f98       0xb8 ym/mbed-classic/existing/mbed-classic.a(serial_api.c.o)
                0x0000000000020f98                serial_init
 .text.serial_baud
                0x0000000000021050       0x20 ym/mbed-classic/existing/mbed-classic.a(serial_api.c.o)
                0x0000000000021050                serial_baud
 .text.UART0_IRQHandler
                0x0000000000021070       0x4c ym/mbed-classic/existing/mbed-classic.a(serial_api.c.o)
                0x0000000000021070                UART0_IRQHandler
 .text.serial_irq_handler
                0x00000000000210bc       0x18 ym/mbed-classic/existing/mbed-classic.a(serial_api.c.o)
                0x00000000000210bc                serial_irq_handler
 .text.pwm_disconnect
                0x00000000000210d4       0x60 ym/mbed-classic/existing/mbed-classic.a(pwmout_api.c.o)
 .text.TIMER2_IRQHandler
                0x0000000000021134       0x68 ym/mbed-classic/existing/mbed-classic.a(pwmout_api.c.o)
                0x0000000000021134                TIMER2_IRQHandler
 .text.port_init
                0x000000000002119c       0x28 ym/mbed-classic/existing/mbed-classic.a(port_api.c.o)
                0x000000000002119c                port_init
 .text.GPIOTE_IRQHandler
                0x00000000000211c4       0xf4 ym/mbed-classic/existing/mbed-classic.a(gpio_irq_api.c.o)
                0x00000000000211c4                GPIOTE_IRQHandler
 .text.gpio_irq_init
                0x00000000000212b8       0x60 ym/mbed-classic/existing/mbed-classic.a(gpio_irq_api.c.o)
                0x00000000000212b8                gpio_irq_init
 .text.gpio_irq_free
                0x0000000000021318       0x10 ym/mbed-classic/existing/mbed-classic.a(gpio_irq_api.c.o)
                0x0000000000021318                gpio_irq_free
 .text.gpio_irq_set
                0x0000000000021328       0x9c ym/mbed-classic/existing/mbed-classic.a(gpio_irq_api.c.o)
                0x0000000000021328                gpio_irq_set
 .text          0x00000000000213c4       0x48 ym/mbed-classic/existing/mbed-classic.a(startup_NRF51822.S.obj)
                0x00000000000213c4                Reset_Handler
                0x0000000000021400                NMI_Handler
                0x0000000000021402                HardFault_Handler
                0x0000000000021404                SVC_Handler
                0x0000000000021406                PendSV_Handler
                0x0000000000021408                SysTick_Handler
                0x000000000002140a                SPI0_TWI0_IRQHandler
                0x000000000002140a                RTC0_IRQHandler
                0x000000000002140a                POWER_CLOCK_IRQHandler
                0x000000000002140a                LPCOMP_IRQHandler
                0x000000000002140a                SWI4_IRQHandler
                0x000000000002140a                TEMP_IRQHandler
                0x000000000002140a                QDEC_IRQHandler
                0x000000000002140a                SWI5_IRQHandler
                0x000000000002140a                TIMER0_IRQHandler
                0x000000000002140a                SWI0_IRQHandler
                0x000000000002140a                ECB_IRQHandler
                0x000000000002140a                Default_Handler
                0x000000000002140a                ADC_IRQHandler
                0x000000000002140a                SWI3_IRQHandler
                0x000000000002140a                CCM_AAR_IRQHandler
                0x000000000002140a                WDT_IRQHandler
                0x000000000002140a                RNG_IRQHandler
                0x000000000002140a                SPI1_TWI1_IRQHandler
                0x000000000002140a                RTC1_IRQHandler
 .text.twi_master_clear_bus
                0x000000000002140c       0xb4 ym/mbed-classic/existing/mbed-classic.a(twi_master.c.o)
 .text.twi_master_init_and_clear
                0x00000000000214c0       0x74 ym/mbed-classic/existing/mbed-classic.a(twi_master.c.o)
                0x00000000000214c0                twi_master_init_and_clear
 .text.SystemInit
                0x0000000000021534       0xac ym/mbed-classic/existing/mbed-classic.a(system_nrf51.c.o)
                0x0000000000021534                SystemInit
 .text._ZSt15get_new_handlerv
                0x00000000000215e0        0xc /usr/bin/../lib/gcc/arm-none-eabi/7.3.1/../../../../arm-none-eabi/lib/thumb/v6-m/libstdc++_nano.a(new_handler.o)
                0x00000000000215e0                std::get_new_handler()
 .text._ZNSt7__cxx1112basic_stringIcSt11char_traitsIcESaIcEE9_M_createERjj
                0x00000000000215ec       0x38 /usr/bin/../lib/gcc/arm-none-eabi/7.3.1/../../../../arm-none-eabi/lib/thumb/v6-m/libstdc++_nano.a(string-inst.o)
                0x00000000000215ec                std::__cxx11::basic_string<char, std::char_traits<char>, std::allocator<char> >::_M_create(unsigned int&, unsigned int)
 .text._ZNKSt7__cxx1112basic_stringIcSt11char_traitsIcESaIcEE15_M_check_lengthEjjPKc
                0x0000000000021624       0x1c /usr/bin/../lib/gcc/arm-none-eabi/7.3.1/../../../../arm-none-eabi/lib/thumb/v6-m/libstdc++_nano.a(string-inst.o)
                0x0000000000021624                std::__cxx11::basic_string<char, std::char_traits<char>, std::allocator<char> >::_M_check_length(unsigned int, unsigned int, char const*) const
 .text._ZNSt7__cxx1112basic_stringIcSt11char_traitsIcESaIcEE14_M_replace_auxEjjjc
                0x0000000000021640       0x84 /usr/bin/../lib/gcc/arm-none-eabi/7.3.1/../../../../arm-none-eabi/lib/thumb/v6-m/libstdc++_nano.a(string-inst.o)
                0x0000000000021640                std::__cxx11::basic_string<char, std::char_traits<char>, std::allocator<char> >::_M_replace_aux(unsigned int, unsigned int, unsigned int, char)
 .text._ZNSt7__cxx1112basic_stringIcSt11char_traitsIcESaIcEE10_M_replaceEjjPKcj
                0x00000000000216c4      0x104 /usr/bin/../lib/gcc/arm-none-eabi/7.3.1/../../../../arm-none-eabi/lib/thumb/v6-m/libstdc++_nano.a(string-inst.o)
                0x00000000000216c4                std::__cxx11::basic_string<char, std::char_traits<char>, std::allocator<char> >::_M_replace(unsigned int, unsigned int, char const*, unsigned int)
 .text._ZNSt7__cxx1112basic_stringIcSt11char_traitsIcESaIcEE12_M_constructIPcEEvT_S7_St20forward_iterator_tag
                0x00000000000217c8       0x48 /usr/bin/../lib/gcc/arm-none-eabi/7.3.1/../../../../arm-none-eabi/lib/thumb/v6-m/libstdc++_nano.a(string-inst.o)
                0x00000000000217c8                void std::__cxx11::basic_string<char, std::char_traits<char>, std::allocator<char> >::_M_construct<char*>(char*, char*, std::forward_iterator_tag)
 .text          0x0000000000021810       0x14 /usr/bin/../lib/gcc/arm-none-eabi/7.3.1/thumb/v6-m/libgcc.a(_thumb1_case_uqi.o)
                0x0000000000021810                __gnu_thumb1_case_uqi
 .text          0x0000000000021824      0x114 /usr/bin/../lib/gcc/arm-none-eabi/7.3.1/thumb/v6-m/libgcc.a(_udivsi3.o)
                0x0000000000021824                __udivsi3
                0x0000000000021824                __aeabi_uidiv
                0x0000000000021930                __aeabi_uidivmod
 .text          0x0000000000021938      0x1d4 /usr/bin/../lib/gcc/arm-none-eabi/7.3.1/thumb/v6-m/libgcc.a(_divsi3.o)
                0x0000000000021938                __aeabi_idiv
                0x0000000000021938                __divsi3
                0x0000000000021b04                __aeabi_idivmod
 .text          0x0000000000021b0c        0x4 /usr/bin/../lib/gcc/arm-none-eabi/7.3.1/thumb/v6-m/libgcc.a(_dvmd_tls.o)
                0x0000000000021b0c                __aeabi_ldiv0
                0x0000000000021b0c                __aeabi_idiv0
 .text          0x0000000000021b10       0x74 /usr/bin/../lib/gcc/arm-none-eabi/7.3.1/thumb/v6-m/libgcc.a(_arm_cmpsf2.o)
                0x0000000000021b10                __aeabi_cfrcmple
                0x0000000000021b18                __aeabi_cfcmple
                0x0000000000021b18                __aeabi_cfcmpeq
                0x0000000000021b28                __aeabi_fcmpeq
                0x0000000000021b34                __aeabi_fcmplt
                0x0000000000021b48                __aeabi_fcmple
                0x0000000000021b5c                __aeabi_fcmpgt
                0x0000000000021b70                __aeabi_fcmpge
 .text          0x0000000000021b84       0x40 /usr/bin/../lib/gcc/arm-none-eabi/7.3.1/thumb/v6-m/libgcc.a(_aeabi_uldivmod.o)
                0x0000000000021b84                __aeabi_uldivmod
 .text          0x0000000000021bc4      0x184 /usr/bin/../lib/gcc/arm-none-eabi/7.3.1/thumb/v6-m/libgcc.a(_udivmoddi4.o)
                0x0000000000021bc4                __udivmoddi4
 .text          0x0000000000021d48      0x334 /usr/bin/../lib/gcc/arm-none-eabi/7.3.1/thumb/v6-m/libgcc.a(addsf3.o)
                0x0000000000021d48                __aeabi_fadd
 .text          0x000000000002207c      0x224 /usr/bin/../lib/gcc/arm-none-eabi/7.3.1/thumb/v6-m/libgcc.a(divsf3.o)
                0x000000000002207c                __aeabi_fdiv
 .text          0x00000000000222a0       0x50 /usr/bin/../lib/gcc/arm-none-eabi/7.3.1/thumb/v6-m/libgcc.a(eqsf2.o)
                0x00000000000222a0                __nesf2
                0x00000000000222a0                __eqsf2
 .text          0x00000000000222f0       0x9c /usr/bin/../lib/gcc/arm-none-eabi/7.3.1/thumb/v6-m/libgcc.a(gesf2.o)
                0x00000000000222f0                __gtsf2
                0x00000000000222f0                __gesf2